Fase 2 'Deserto com Oásis' carregada (800x900 tiles).
Fase 3 'Pântano Lodoso' carregada (200x225 tiles).
Fase 4 'Caverna Sombria (DG)' carregada (45x45 tiles).
Fase 5 'Cidade de Davahl' carregada (100x75 tiles).
Fase 6 'Arena' carregada (31x31 tiles).
Sistema de Spawns (bandeiras admin) carregado.
Sistema de Equipamentos (drop) carregado.
Sistema de Debuffs/Buffs carregado.
Servidor Rodando: Classe Bárbaro Sangrento Ativa!
Servidor rodando na porta 8080
[CONEXAO] cliente conectado (2026-09-17T03:55:45.720Z)
[LOGIN] tall22 pos(61800,2000) classe=roqueiro
[ESTADO] tall22 x=61800 y=2000 mapa=cidade id=heroi_tall22 jog=1 slimes=226 fps=0 ws=1 updMs=37
[ESTADO] tall22 x=61800 y=2000 mapa=cidade id=heroi_tall22 jog=1 slimes=226 fps=0 ws=1 updMs=37
[ESTADO] tall22 x=61878 y=2000 mapa=cidade id=heroi_tall22 jog=1 slimes=226 fps=0 ws=1 updMs=5
[ESTADO] tall22 x=61882 y=1832 mapa=cidade id=heroi_tall22 jog=1 slimes=226 fps=0 ws=1 updMs=23
[ESTADO] tall22 x=61882 y=1832 mapa=cidade id=heroi_tall22 jog=1 slimes=226 fps=0 ws=1 updMs=24
[ESTADO] tall22 x=64180 y=467 mapa=arena id=heroi_tall22 jog=1 slimes=226 fps=0 ws=1 updMs=60
[ESTADO] tall22 x=64299 y=429 mapa=arena id=heroi_tall22 jog=1 slimes=226 fps=0 ws=1 updMs=17
[ESTADO] tall22 x=64337 y=265 mapa=arena id=heroi_tall22 jog=1 slimes=226 fps=0 ws=1 updMs=44
[ESTADO] tall22 x=64399 y=224 mapa=arena id=heroi_tall22 jog=1 slimes=226 fps=0 ws=1 updMs=27
[ESTADO] tall22 x=64433 y=346 mapa=arena id=heroi_tall22 jog=1 slimes=226 fps=0 ws=1 updMs=44
[ESTADO] tall22 x=64433 y=546 mapa=arena id=heroi_tall22 jog=1 slimes=226 fps=0 ws=1 updMs=19
[ESTADO] tall22 x=64433 y=742 mapa=arena id=heroi_tall22 jog=1 slimes=226 fps=0 ws=1 updMs=10
[ESTADO] tall22 x=64433 y=942 mapa=arena id=heroi_tall22 jog=1 slimes=226 fps=0 ws=1 updMs=57
[ESTADO] tall22 x=64316 y=887 mapa=arena id=heroi_tall22 jog=1 slimes=226 fps=0 ws=1 updMs=11
[ESTADO] tall22 x=64258 y=711 mapa=arena id=heroi_tall22 jog=1 slimes=226 fps=0 ws=1 updMs=42
[ESTADO] tall22 x=64243 y=517 mapa=arena id=heroi_tall22 jog=1 slimes=226 fps=0 ws=1 updMs=26
[ESTADO] tall22 x=64058 y=480 mapa=arena id=heroi_tall22 jog=1 slimes=226 fps=0 ws=1 updMs=28
[ESTADO] tall22 x=63740 y=620 mapa=cidade id=heroi_tall22 jog=1 slimes=226 fps=0 ws=1 updMs=20
[ESTADO] tall22 x=63740 y=620 mapa=cidade id=heroi_tall22 jog=1 slimes=226 fps=0 ws=1 updMs=43
[ESTADO] tall22 x=63425 y=695 mapa=cidade id=heroi_tall22 jog=1 slimes=226 fps=0 ws=1 updMs=9
[ESTADO] tall22 x=63348 y=768 mapa=cidade id=heroi_tall22 jog=1 slimes=226 fps=0 ws=1 updMs=58
[ESTADO] tall22 x=63348 y=768 mapa=cidade id=heroi_tall22 jog=1 slimes=226 fps=0 ws=1 updMs=25
[ESTADO] tall22 x=63348 y=768 mapa=cidade id=heroi_tall22 jog=1 slimes=226 fps=0 ws=1 updMs=6
[CONEXAO] cliente conectado (2026-09-17T03:56:30.579Z)
[LOGIN] assdsa pos(61817,1793) classe=guerreiro
[ESTADO] assdsa x=61817 y=1793 mapa=cidade id=heroi_assdsa jog=2 slimes=226 fps=0 ws=1 updMs=9
[ESTADO] assdsa x=61706 y=1942 mapa=cidade id=heroi_assdsa jog=2 slimes=226 fps=0 ws=1 updMs=9
[ESTADO] tall22 x=63348 y=768 mapa=cidade id=heroi_tall22 jog=2 slimes=226 fps=0 ws=1 updMs=59
[ESTADO] tall22 x=63254 y=831 mapa=cidade id=heroi_tall22 jog=2 slimes=226 fps=0 ws=1 updMs=42
[ESTADO] tall22 x=63054 y=831 mapa=cidade id=heroi_tall22 jog=2 slimes=226 fps=0 ws=1 updMs=58
[ESTADO] tall22 x=62879 y=892 mapa=cidade id=heroi_tall22 jog=2 slimes=226 fps=0 ws=1 updMs=25
[ESTADO] tall22 x=62722 y=998 mapa=cidade id=heroi_tall22 jog=2 slimes=226 fps=0 ws=1 updMs=57
[ESTADO] tall22 x=62523 y=998 mapa=cidade id=heroi_tall22 jog=2 slimes=226 fps=0 ws=1 updMs=38
[ESTADO] tall22 x=62351 y=1065 mapa=cidade id=heroi_tall22 jog=2 slimes=226 fps=0 ws=1 updMs=39
[ESTADO] tall22 x=62156 y=1345 mapa=cidade id=heroi_tall22 jog=2 slimes=226 fps=0 ws=1 updMs=37
[ESTADO] tall22 x=62119 y=1528 mapa=cidade id=heroi_tall22 jog=2 slimes=226 fps=0 ws=1 updMs=42
[ESTADO] tall22 x=62146 y=1863 mapa=cidade id=heroi_tall22 jog=2 slimes=226 fps=0 ws=1 updMs=40
[ESTADO] tall22 x=61964 y=1907 mapa=cidade id=heroi_tall22 jog=2 slimes=226 fps=0 ws=1 updMs=39
[ESTADO] tall22 x=61882 y=1907 mapa=cidade id=heroi_tall22 jog=2 slimes=226 fps=0 ws=1 updMs=55
[ESTADO] tall22 x=61882 y=1907 mapa=cidade id=heroi_tall22 jog=2 slimes=226 fps=0 ws=1 updMs=52
[ESTADO] tall22 x=61882 y=1907 mapa=cidade id=heroi_tall22 jog=2 slimes=226 fps=0 ws=1 updMs=40
[ESTADO] tall22 x=61882 y=1907 mapa=cidade id=heroi_tall22 jog=2 slimes=226 fps=0 ws=1 updMs=20
[ESTADO] tall22 x=61882 y=1907 mapa=cidade id=heroi_tall22 jog=2 slimes=226 fps=0 ws=1 updMs=40
[ESTADO] tall22 x=61882 y=1873 mapa=cidade id=heroi_tall22 jog=2 slimes=226 fps=0 ws=1 updMs=40
[ESTADO] tall22 x=61882 y=1973 mapa=cidade id=heroi_tall22 jog=2 slimes=226 fps=0 ws=1 updMs=58
[ESTADO] assdsa x=61706 y=1942 mapa=cidade id=heroi_assdsa jog=2 slimes=226 fps=0 ws=1 updMs=5
[ESTADO] assdsa x=61706 y=1942 mapa=cidade id=heroi_assdsa jog=2 slimes=226 fps=0 ws=1 updMs=25
[ESTADO] assdsa x=61706 y=1942 mapa=cidade id=heroi_assdsa jog=2 slimes=226 fps=0 ws=1 updMs=57
[ESTADO] assdsa x=61706 y=1942 mapa=cidade id=heroi_assdsa jog=2 slimes=226 fps=0 ws=1 updMs=24
[ESTADO] assdsa x=61706 y=1942 mapa=cidade id=heroi_assdsa jog=2 slimes=226 fps=0 ws=1 updMs=3
[ESTADO] assdsa x=61706 y=1942 mapa=cidade id=heroi_assdsa jog=2 slimes=226 fps=0 ws=1 updMs=2
[ESTADO] assdsa x=61706 y=1942 mapa=cidade id=heroi_assdsa jog=2 slimes=226 fps=0 ws=1 updMs=7
[ESTADO] assdsa x=61706 y=1942 mapa=cidade id=heroi_assdsa jog=2 slimes=226 fps=0 ws=1 updMs=29
[ESTADO] assdsa x=61706 y=1942 mapa=cidade id=heroi_assdsa jog=2 slimes=226 fps=0 ws=1 updMs=52
[ESTADO] assdsa x=61706 y=1942 mapa=cidade id=heroi_assdsa jog=1 slimes=226 fps=0 ws=1 updMs=6
[ESTADO] assdsa x=61706 y=1942 mapa=cidade id=heroi_assdsa jog=1 slimes=226 fps=0 ws=1 updMs=37
[ESTADO] assdsa x=61706 y=1942 mapa=cidade id=heroi_assdsa jog=1 slimes=226 fps=0 ws=1 updMs=26
[ESTADO] assdsa x=61706 y=1942 mapa=cidade id=heroi_assdsa jog=1 slimes=226 fps=0 ws=1 updMs=31
[ESTADO] assdsa x=61706 y=1942 mapa=cidade id=heroi_assdsa jog=1 slimes=226 fps=0 ws=1 updMs=37
[ESTADO] assdsa x=61706 y=1942 mapa=cidade id=heroi_assdsa jog=1 slimes=226 fps=0 ws=1 updMs=15
[CONEXAO] cliente conectado (2026-09-17T04:04:11.112Z)
[LOGIN] assdsa pos(61706,1942) classe=mago
[ESTADO] assdsa x=61706 y=1942 mapa=cidade id=heroi_assdsa jog=1 slimes=226 fps=0 ws=1 updMs=6
[ESTADO] assdsa x=61706 y=1942 mapa=cidade id=heroi_assdsa jog=1 slimes=226 fps=0 ws=1 updMs=57
[ESTADO] assdsa x=61706 y=1942 mapa=cidade id=heroi_assdsa jog=1 slimes=226 fps=0 ws=1 updMs=33
[ESTADO] assdsa x=61706 y=1942 mapa=cidade id=heroi_assdsa jog=1 slimes=226 fps=0 ws=1 updMs=36
[ESTADO] assdsa x=61706 y=1942 mapa=cidade id=heroi_assdsa jog=1 slimes=226 fps=0 ws=1 updMs=3
[ESTADO] assdsa x=61706 y=1942 mapa=cidade id=heroi_assdsa jog=1 slimes=226 fps=0 ws=1 updMs=41
[ESTADO] assdsa x=61706 y=1942 mapa=cidade id=heroi_assdsa jog=1 slimes=226 fps=0 ws=1 updMs=11
[ESTADO] assdsa x=61706 y=1942 mapa=cidade id=heroi_assdsa jog=1 slimes=226 fps=0 ws=1 updMs=32
[ESTADO] assdsa x=61706 y=1942 mapa=cidade id=heroi_assdsa jog=1 slimes=226 fps=0 ws=1 updMs=13
[ESTADO] assdsa x=61706 y=1942 mapa=cidade id=heroi_assdsa jog=1 slimes=226 fps=0 ws=1 updMs=22
[ESTADO] assdsa x=61706 y=1942 mapa=cidade id=heroi_assdsa jog=1 slimes=226 fps=0 ws=1 updMs=8
[ESTADO] assdsa x=61706 y=1942 mapa=cidade id=heroi_assdsa jog=1 slimes=226 fps=0 ws=1 updMs=3
[ESTADO] assdsa x=61706 y=1942 mapa=cidade id=heroi_assdsa jog=1 slimes=226 fps=0 ws=1 updMs=24
[ESTADO] assdsa x=61706 y=1942 mapa=cidade id=heroi_assdsa jog=1 slimes=226 fps=0 ws=1 updMs=42
[ESTADO] assdsa x=61706 y=1942 mapa=cidade id=heroi_assdsa jog=1 slimes=226 fps=0 ws=1 updMs=31
[ESTADO] assdsa x=61706 y=1942 mapa=cidade id=heroi_assdsa jog=1 slimes=226 fps=0 ws=1 updMs=53
[ESTADO] assdsa x=61706 y=1942 mapa=cidade id=heroi_assdsa jog=1 slimes=226 fps=0 ws=1 updMs=1
[ESTADO] assdsa x=61706 y=1942 mapa=cidade id=heroi_assdsa jog=1 slimes=226 fps=0 ws=1 updMs=55
[ESTADO] assdsa x=61706 y=1942 mapa=cidade id=heroi_assdsa jog=1 slimes=226 fps=0 ws=1 updMs=51
[ESTADO] assdsa x=61706 y=1942 mapa=cidade id=heroi_assdsa jog=1 slimes=226 fps=0 ws=1 updMs=27
[ESTADO] assdsa x=61706 y=1942 mapa=cidade id=heroi_assdsa jog=1 slimes=226 fps=0 ws=1 updMs=27
[ESTADO] assdsa x=61706 y=1942 mapa=cidade id=heroi_assdsa jog=1 slimes=226 fps=0 ws=1 updMs=49
[ESTADO] assdsa x=61706 y=1942 mapa=cidade id=heroi_assdsa jog=1 slimes=226 fps=0 ws=1 updMs=5
[ESTADO] assdsa x=61706 y=1942 mapa=cidade id=heroi_assdsa jog=1 slimes=226 fps=0 ws=1 updMs=30
[ESTADO] assdsa x=61706 y=1942 mapa=cidade id=heroi_assdsa jog=1 slimes=226 fps=0 ws=1 updMs=51
[ESTADO] assdsa x=61706 y=1942 mapa=cidade id=heroi_assdsa jog=1 slimes=226 fps=0 ws=1 updMs=4
[ESTADO] assdsa x=61706 y=1942 mapa=cidade id=heroi_assdsa jog=1 slimes=226 fps=0 ws=1 updMs=28
[ESTADO] assdsa x=61706 y=1942 mapa=cidade id=heroi_assdsa jog=1 slimes=226 fps=0 ws=1 updMs=24
[CONEXAO] cliente conectado (2026-09-17T04:07:28.509Z)
[LOGIN] tall22 pos(61882,1973) classe=summoner
[CONEXAO] cliente conectado (2026-09-17T04:07:31.449Z)
[LOGIN] tall22 pos(61882,1973) classe=summoner
[ESTADO] tall22 x=61882 y=1973 mapa=cidade id=heroi_tall22 jog=2 slimes=226 fps=0 ws=1 updMs=9
[ESTADO] tall22 x=61919 y=1911 mapa=cidade id=heroi_tall22 jog=2 slimes=226 fps=0 ws=1 updMs=42
[ESTADO] tall22 x=61933 y=1782 mapa=cidade id=heroi_tall22 jog=2 slimes=226 fps=0 ws=1 updMs=6
[ESTADO] tall22 x=61872 y=1781 mapa=cidade id=heroi_tall22 jog=2 slimes=226 fps=0 ws=1 updMs=6
[ESTADO] tall22 x=61901 y=1744 mapa=cidade id=heroi_tall22 jog=2 slimes=226 fps=0 ws=1 updMs=23
[ESTADO] tall22 x=61943 y=1815 mapa=cidade id=heroi_tall22 jog=2 slimes=226 fps=0 ws=1 updMs=23
[ESTADO] tall22 x=61943 y=1815 mapa=cidade id=heroi_tall22 jog=2 slimes=226 fps=0 ws=1 updMs=24
[ESTADO] assdsa x=61706 y=1942 mapa=cidade id=heroi_assdsa jog=2 slimes=226 fps=0 ws=1 updMs=9
[ESTADO] assdsa x=61706 y=1942 mapa=cidade id=heroi_assdsa jog=2 slimes=226 fps=0 ws=1 updMs=46
[ESTADO] assdsa x=61706 y=1942 mapa=cidade id=heroi_assdsa jog=2 slimes=226 fps=0 ws=1 updMs=25
[ESTADO] tall22 x=61943 y=1815 mapa=cidade id=heroi_tall22 jog=2 slimes=226 fps=0 ws=1 updMs=39
[ESTADO] tall22 x=61943 y=1815 mapa=cidade id=heroi_tall22 jog=2 slimes=226 fps=0 ws=1 updMs=7
[ESTADO] tall22 x=61943 y=1815 mapa=cidade id=heroi_tall22 jog=2 slimes=226 fps=0 ws=1 updMs=37
[ESTADO] assdsa x=61706 y=1942 mapa=cidade id=heroi_assdsa jog=2 slimes=226 fps=0 ws=1 updMs=31
[ESTADO] assdsa x=61706 y=1942 mapa=cidade id=heroi_assdsa jog=2 slimes=226 fps=0 ws=1 updMs=1
[ESTADO] assdsa x=61706 y=1942 mapa=cidade id=heroi_assdsa jog=2 slimes=226 fps=0 ws=1 updMs=5
[ESTADO] assdsa x=61706 y=1942 mapa=cidade id=heroi_assdsa jog=2 slimes=226 fps=0 ws=1 updMs=9
[ESTADO] assdsa x=61706 y=1942 mapa=cidade id=heroi_assdsa jog=2 slimes=226 fps=0 ws=1 updMs=11
[ESTADO] assdsa x=61706 y=1942 mapa=cidade id=heroi_assdsa jog=2 slimes=226 fps=0 ws=1 updMs=9
[ESTADO] assdsa x=61706 y=1942 mapa=cidade id=heroi_assdsa jog=2 slimes=226 fps=0 ws=1 updMs=25
[ESTADO] assdsa x=61706 y=1942 mapa=cidade id=heroi_assdsa jog=2 slimes=226 fps=0 ws=1 updMs=47
[ESTADO] assdsa x=61706 y=1942 mapa=cidade id=heroi_assdsa jog=2 slimes=226 fps=0 ws=1 updMs=11
[ESTADO] assdsa x=61706 y=1942 mapa=cidade id=heroi_assdsa jog=2 slimes=226 fps=0 ws=1 updMs=42
[ESTADO] assdsa x=61706 y=1942 mapa=cidade id=heroi_assdsa jog=2 slimes=226 fps=0 ws=1 updMs=1
[ESTADO] tall22 x=61943 y=1815 mapa=cidade id=heroi_tall22 jog=2 slimes=226 fps=0 ws=1 updMs=18
[CONEXAO] cliente conectado (2026-09-17T04:08:59.780Z)
[LOGIN] tall22 pos(61943,1815) classe=barbaro
[ESTADO] tall22 x=61943 y=1815 mapa=cidade id=heroi_tall22 jog=2 slimes=226 fps=0 ws=1 updMs=5
[ESTADO] tall22 x=61982 y=1832 mapa=cidade id=heroi_tall22 jog=2 slimes=226 fps=0 ws=1 updMs=56
[ESTADO] tall22 x=61982 y=1832 mapa=cidade id=heroi_tall22 jog=2 slimes=226 fps=0 ws=1 updMs=40
[ESTADO] tall22 x=61982 y=1832 mapa=cidade id=heroi_tall22 jog=2 slimes=226 fps=0 ws=1 updMs=57
[ESTADO] tall22 x=62004 y=1832 mapa=cidade id=heroi_tall22 jog=2 slimes=226 fps=0 ws=1 updMs=18
[ESTADO] tall22 x=62004 y=1832 mapa=cidade id=heroi_tall22 jog=2 slimes=226 fps=0 ws=1 updMs=7
[ESTADO] tall22 x=62004 y=1832 mapa=cidade id=heroi_tall22 jog=2 slimes=226 fps=0 ws=1 updMs=3
[ESTADO] assdsa x=61706 y=1942 mapa=cidade id=heroi_assdsa jog=2 slimes=226 fps=0 ws=1 updMs=54
[ESTADO] assdsa x=61706 y=1942 mapa=cidade id=heroi_assdsa jog=2 slimes=226 fps=0 ws=1 updMs=59
[ESTADO] assdsa x=61706 y=1942 mapa=cidade id=heroi_assdsa jog=2 slimes=226 fps=0 ws=1 updMs=6
[ESTADO] assdsa x=61706 y=1942 mapa=cidade id=heroi_assdsa jog=2 slimes=226 fps=0 ws=1 updMs=52
[ESTADO] assdsa x=61706 y=1942 mapa=cidade id=heroi_assdsa jog=2 slimes=226 fps=0 ws=1 updMs=1
[ESTADO] assdsa x=61706 y=1942 mapa=cidade id=heroi_assdsa jog=2 slimes=226 fps=0 ws=1 updMs=10
[ESTADO] assdsa x=61706 y=1942 mapa=cidade id=heroi_assdsa jog=2 slimes=226 fps=0 ws=1 updMs=9
[ESTADO] assdsa x=61706 y=1942 mapa=cidade id=heroi_assdsa jog=2 slimes=226 fps=0 ws=1 updMs=9
[ESTADO] assdsa x=61706 y=1942 mapa=cidade id=heroi_assdsa jog=2 slimes=226 fps=0 ws=1 updMs=10
[ESTADO] assdsa x=61706 y=1942 mapa=cidade id=heroi_assdsa jog=2 slimes=226 fps=0 ws=1 updMs=30
[ESTADO] assdsa x=61706 y=1942 mapa=cidade id=heroi_assdsa jog=2 slimes=226 fps=0 ws=1 updMs=10
[ESTADO] assdsa x=61706 y=1942 mapa=cidade id=heroi_assdsa jog=2 slimes=226 fps=0 ws=1 updMs=55
[ESTADO] assdsa x=61706 y=1942 mapa=cidade id=heroi_assdsa jog=2 slimes=226 fps=0 ws=1 updMs=7
[ESTADO] assdsa x=61706 y=1942 mapa=cidade id=heroi_assdsa jog=2 slimes=226 fps=0 ws=1 updMs=52
[ESTADO] assdsa x=61706 y=1942 mapa=cidade id=heroi_assdsa jog=2 slimes=226 fps=0 ws=1 updMs=4
[ESTADO] assdsa x=61706 y=1942 mapa=cidade id=heroi_assdsa jog=2 slimes=226 fps=0 ws=1 updMs=9
[ESTADO] assdsa x=61706 y=1942 mapa=cidade id=heroi_assdsa jog=2 slimes=226 fps=0 ws=1 updMs=34
[ESTADO] assdsa x=61706 y=1942 mapa=cidade id=heroi_assdsa jog=2 slimes=226 fps=0 ws=1 updMs=53
[ESTADO] assdsa x=61706 y=1942 mapa=cidade id=heroi_assdsa jog=2 slimes=226 fps=0 ws=1 updMs=29
[ESTADO] assdsa x=61706 y=1942 mapa=cidade id=heroi_assdsa jog=2 slimes=226 fps=0 ws=1 updMs=55
[ESTADO] assdsa x=61706 y=1942 mapa=cidade id=heroi_assdsa jog=2 slimes=226 fps=0 ws=1 updMs=1
[ESTADO] assdsa x=61706 y=1942 mapa=cidade id=heroi_assdsa jog=2 slimes=226 fps=0 ws=1 updMs=27
[ESTADO] tall22 x=62004 y=1832 mapa=cidade id=heroi_tall22 jog=2 slimes=226 fps=0 ws=1 updMs=8
[CONEXAO] cliente conectado (2026-09-17T04:10:02.724Z)
[LOGIN] tall22 pos(62004,1832) classe=mago
[ESTADO] tall22 x=62004 y=1832 mapa=cidade id=heroi_tall22 jog=2 slimes=226 fps=0 ws=1 updMs=4
[ESTADO] tall22 x=62004 y=1832 mapa=cidade id=heroi_tall22 jog=2 slimes=226 fps=0 ws=1 updMs=41
[ESTADO] tall22 x=62004 y=1832 mapa=cidade id=heroi_tall22 jog=2 slimes=226 fps=0 ws=1 updMs=35
[ESTADO] tall22 x=62004 y=1832 mapa=cidade id=heroi_tall22 jog=2 slimes=226 fps=0 ws=1 updMs=40
[ESTADO] tall22 x=62004 y=1832 mapa=cidade id=heroi_tall22 jog=2 slimes=226 fps=0 ws=1 updMs=40
[ESTADO] assdsa x=61706 y=1942 mapa=cidade id=heroi_assdsa jog=2 slimes=226 fps=0 ws=1 updMs=19
[ESTADO] tall22 x=62004 y=1832 mapa=cidade id=heroi_tall22 jog=2 slimes=226 fps=0 ws=1 updMs=57
[ESTADO] assdsa x=61706 y=1942 mapa=cidade id=heroi_assdsa jog=2 slimes=226 fps=0 ws=1 updMs=11
[ESTADO] tall22 x=62004 y=1832 mapa=cidade id=heroi_tall22 jog=2 slimes=226 fps=0 ws=1 updMs=6
[ESTADO] assdsa x=61706 y=1942 mapa=cidade id=heroi_assdsa jog=2 slimes=226 fps=0 ws=1 updMs=58
[ESTADO] assdsa x=61706 y=1942 mapa=cidade id=heroi_assdsa jog=2 slimes=226 fps=0 ws=1 updMs=30
[ESTADO] assdsa x=61706 y=1942 mapa=cidade id=heroi_assdsa jog=2 slimes=226 fps=0 ws=1 updMs=52
[ESTADO] assdsa x=61706 y=1942 mapa=cidade id=heroi_assdsa jog=2 slimes=226 fps=0 ws=1 updMs=50
[ESTADO] tall22 x=62004 y=1832 mapa=cidade id=heroi_tall22 jog=2 slimes=226 fps=0 ws=1 updMs=49
[ESTADO] tall22 x=62004 y=1832 mapa=cidade id=heroi_tall22 jog=2 slimes=226 fps=0 ws=1 updMs=55
[ESTADO] tall22 x=62004 y=1832 mapa=cidade id=heroi_tall22 jog=2 slimes=226 fps=0 ws=1 updMs=3
[ESTADO] tall22 x=62004 y=1832 mapa=cidade id=heroi_tall22 jog=2 slimes=226 fps=0 ws=1 updMs=7
[ESTADO] assdsa x=61706 y=1942 mapa=cidade id=heroi_assdsa jog=2 slimes=226 fps=0 ws=1 updMs=29
[ESTADO] assdsa x=61706 y=1942 mapa=cidade id=heroi_assdsa jog=2 slimes=226 fps=0 ws=1 updMs=52
[ESTADO] assdsa x=61706 y=1942 mapa=cidade id=heroi_assdsa jog=2 slimes=226 fps=0 ws=1 updMs=51
[ESTADO] assdsa x=61706 y=1942 mapa=cidade id=heroi_assdsa jog=2 slimes=226 fps=0 ws=1 updMs=44
[ESTADO] tall22 x=62004 y=1832 mapa=cidade id=heroi_tall22 jog=2 slimes=226 fps=0 ws=1 updMs=55
[CONEXAO] cliente conectado (2026-09-17T04:10:41.454Z)
[LOGIN] tall22 pos(62004,1832) classe=arqueiro
[ESTADO] tall22 x=62004 y=1832 mapa=cidade id=heroi_tall22 jog=2 slimes=226 fps=0 ws=1 updMs=55
[ESTADO] tall22 x=62004 y=1832 mapa=cidade id=heroi_tall22 jog=2 slimes=226 fps=0 ws=1 updMs=52
[ESTADO] tall22 x=62004 y=1832 mapa=cidade id=heroi_tall22 jog=2 slimes=226 fps=0 ws=1 updMs=1
[ESTADO] tall22 x=62004 y=1832 mapa=cidade id=heroi_tall22 jog=2 slimes=226 fps=0 ws=1 updMs=5
[ESTADO] tall22 x=64188 y=459 mapa=arena id=heroi_tall22 jog=2 slimes=226 fps=0 ws=1 updMs=18
[ESTADO] tall22 x=64259 y=459 mapa=arena id=heroi_tall22 jog=2 slimes=226 fps=0 ws=1 updMs=44
[ESTADO] tall22 x=64300 y=636 mapa=arena id=heroi_tall22 jog=2 slimes=226 fps=0 ws=1 updMs=6
[ESTADO] tall22 x=64143 y=671 mapa=arena id=heroi_tall22 jog=2 slimes=226 fps=0 ws=1 updMs=49
[ESTADO] tall22 x=64161 y=501 mapa=arena id=heroi_tall22 jog=2 slimes=226 fps=0 ws=1 updMs=28
[ESTADO] tall22 x=64161 y=515 mapa=arena id=heroi_tall22 jog=2 slimes=226 fps=0 ws=1 updMs=26
[ESTADO] tall22 x=64125 y=515 mapa=arena id=heroi_tall22 jog=2 slimes=226 fps=0 ws=1 updMs=28
[ESTADO] tall22 x=64146 y=515 mapa=arena id=heroi_tall22 jog=2 slimes=226 fps=0 ws=1 updMs=2
[ESTADO] tall22 x=64094 y=515 mapa=arena id=heroi_tall22 jog=2 slimes=226 fps=0 ws=1 updMs=57
[ESTADO] tall22 x=63740 y=620 mapa=cidade id=heroi_tall22 jog=2 slimes=226 fps=0 ws=1 updMs=41
[ESTADO] tall22 x=63545 y=815 mapa=cidade id=heroi_tall22 jog=2 slimes=226 fps=0 ws=1 updMs=23
[ESTADO] tall22 x=63386 y=916 mapa=cidade id=heroi_tall22 jog=2 slimes=226 fps=0 ws=1 updMs=26
[ESTADO] tall22 x=63026 y=916 mapa=cidade id=heroi_tall22 jog=2 slimes=226 fps=0 ws=1 updMs=40
[ESTADO] tall22 x=62826 y=916 mapa=cidade id=heroi_tall22 jog=2 slimes=226 fps=0 ws=1 updMs=22
[ESTADO] tall22 x=62475 y=937 mapa=cidade id=heroi_tall22 jog=2 slimes=226 fps=0 ws=1 updMs=7
[ESTADO] tall22 x=62334 y=1078 mapa=cidade id=heroi_tall22 jog=2 slimes=226 fps=0 ws=1 updMs=24
[ESTADO] tall22 x=62240 y=1400 mapa=cidade id=heroi_tall22 jog=2 slimes=226 fps=0 ws=1 updMs=24
[ESTADO] tall22 x=62113 y=1547 mapa=cidade id=heroi_tall22 jog=2 slimes=226 fps=0 ws=1 updMs=24
[ESTADO] tall22 x=61973 y=1689 mapa=cidade id=heroi_tall22 jog=2 slimes=226 fps=0 ws=1 updMs=22
[ESTADO] tall22 x=61874 y=1932 mapa=cidade id=heroi_tall22 jog=2 slimes=226 fps=0 ws=1 updMs=24
[ESTADO] tall22 x=61874 y=1932 mapa=cidade id=heroi_tall22 jog=2 slimes=226 fps=0 ws=1 updMs=3
[ESTADO] assdsa x=61706 y=1942 mapa=cidade id=heroi_assdsa jog=2 slimes=226 fps=0 ws=1 updMs=55
[ESTADO] tall22 x=61874 y=1932 mapa=cidade id=heroi_tall22 jog=2 slimes=226 fps=0 ws=1 updMs=41
[ESTADO] tall22 x=61874 y=1932 mapa=cidade id=heroi_tall22 jog=2 slimes=226 fps=0 ws=1 updMs=56
[ESTADO] assdsa x=61706 y=1942 mapa=cidade id=heroi_assdsa jog=2 slimes=226 fps=0 ws=1 updMs=11
[ESTADO] tall22 x=61874 y=1932 mapa=cidade id=heroi_tall22 jog=2 slimes=226 fps=0 ws=1 updMs=23
[ESTADO] assdsa x=61706 y=1942 mapa=cidade id=heroi_assdsa jog=2 slimes=226 fps=0 ws=1 updMs=6
[ESTADO] assdsa x=61706 y=1942 mapa=cidade id=heroi_assdsa jog=2 slimes=226 fps=0 ws=1 updMs=26
[ESTADO] assdsa x=61706 y=1942 mapa=cidade id=heroi_assdsa jog=2 slimes=226 fps=0 ws=1 updMs=27
[ESTADO] assdsa x=61706 y=1942 mapa=cidade id=heroi_assdsa jog=2 slimes=226 fps=0 ws=1 updMs=8
[ESTADO] assdsa x=61706 y=1942 mapa=cidade id=heroi_assdsa jog=2 slimes=226 fps=0 ws=1 updMs=5
[ESTADO] assdsa x=61706 y=1942 mapa=cidade id=heroi_assdsa jog=2 slimes=226 fps=0 ws=1 updMs=29
[ESTADO] assdsa x=61706 y=1942 mapa=cidade id=heroi_assdsa jog=2 slimes=226 fps=0 ws=1 updMs=22
[ESTADO] assdsa x=61706 y=1942 mapa=cidade id=heroi_assdsa jog=2 slimes=226 fps=0 ws=1 updMs=24
[ESTADO] assdsa x=61706 y=1942 mapa=cidade id=heroi_assdsa jog=2 slimes=226 fps=0 ws=1 updMs=31
[ESTADO] assdsa x=61706 y=1942 mapa=cidade id=heroi_assdsa jog=2 slimes=226 fps=0 ws=1 updMs=23
[ESTADO] assdsa x=61706 y=1942 mapa=cidade id=heroi_assdsa jog=2 slimes=226 fps=0 ws=1 updMs=10
[ESTADO] assdsa x=61706 y=1942 mapa=cidade id=heroi_assdsa jog=2 slimes=226 fps=0 ws=1 updMs=32
[ESTADO] assdsa x=61706 y=1942 mapa=cidade id=heroi_assdsa jog=2 slimes=226 fps=0 ws=1 updMs=46
[ESTADO] assdsa x=61706 y=1942 mapa=cidade id=heroi_assdsa jog=2 slimes=226 fps=0 ws=1 updMs=11
[CONEXAO] cliente conectado (2026-09-17T04:12:00.882Z)
[LOGIN] tall22 pos(61874,1932) classe=mago
[ESTADO] assdsa x=61706 y=1942 mapa=cidade id=heroi_assdsa jog=2 slimes=226 fps=0 ws=1 updMs=33
[ESTADO] tall22 x=61874 y=1932 mapa=cidade id=heroi_tall22 jog=2 slimes=226 fps=0 ws=1 updMs=40
[ESTADO] tall22 x=61909 y=1870 mapa=cidade id=heroi_tall22 jog=2 slimes=226 fps=0 ws=1 updMs=37
[ESTADO] assdsa x=61706 y=1942 mapa=cidade id=heroi_assdsa jog=2 slimes=226 fps=0 ws=1 updMs=61
[ESTADO] tall22 x=61884 y=1970 mapa=cidade id=heroi_tall22 jog=2 slimes=226 fps=0 ws=1 updMs=55
[ESTADO] assdsa x=61706 y=1942 mapa=cidade id=heroi_assdsa jog=2 slimes=226 fps=0 ws=1 updMs=32
[ESTADO] tall22 x=61884 y=1970 mapa=cidade id=heroi_tall22 jog=2 slimes=226 fps=0 ws=1 updMs=6
[ESTADO] tall22 x=61884 y=1970 mapa=cidade id=heroi_tall22 jog=2 slimes=226 fps=0 ws=1 updMs=53
[ESTADO] assdsa x=61706 y=1942 mapa=cidade id=heroi_assdsa jog=2 slimes=226 fps=0 ws=1 updMs=33
[ESTADO] tall22 x=61884 y=1970 mapa=cidade id=heroi_tall22 jog=2 slimes=226 fps=0 ws=1 updMs=1
[ESTADO] assdsa x=61706 y=1942 mapa=cidade id=heroi_assdsa jog=2 slimes=226 fps=0 ws=1 updMs=45
[ESTADO] tall22 x=61884 y=1970 mapa=cidade id=heroi_tall22 jog=2 slimes=226 fps=0 ws=1 updMs=23
[ESTADO] tall22 x=61884 y=1970 mapa=cidade id=heroi_tall22 jog=2 slimes=226 fps=0 ws=1 updMs=56
[ESTADO] assdsa x=61706 y=1942 mapa=cidade id=heroi_assdsa jog=2 slimes=226 fps=0 ws=1 updMs=11
[ESTADO] tall22 x=61884 y=1970 mapa=cidade id=heroi_tall22 jog=2 slimes=226 fps=0 ws=1 updMs=2
[ESTADO] assdsa x=61706 y=1942 mapa=cidade id=heroi_assdsa jog=2 slimes=226 fps=0 ws=1 updMs=30
[ESTADO] tall22 x=61884 y=1970 mapa=cidade id=heroi_tall22 jog=2 slimes=226 fps=0 ws=1 updMs=40
[ESTADO] tall22 x=61884 y=1970 mapa=cidade id=heroi_tall22 jog=2 slimes=226 fps=0 ws=1 updMs=23
[ESTADO] tall22 x=61884 y=1970 mapa=cidade id=heroi_tall22 jog=2 slimes=226 fps=0 ws=1 updMs=1
[ESTADO] tall22 x=61884 y=1970 mapa=cidade id=heroi_tall22 jog=2 slimes=226 fps=0 ws=1 updMs=56
[CONEXAO] cliente conectado (2026-09-17T04:12:24.465Z)
[LOGIN] tall22 pos(61884,1970) classe=summoner
[ESTADO] tall22 x=61884 y=1970 mapa=cidade id=heroi_tall22 jog=2 slimes=226 fps=0 ws=1 updMs=54
[ESTADO] tall22 x=61907 y=1969 mapa=cidade id=heroi_tall22 jog=2 slimes=226 fps=0 ws=1 updMs=11
[ESTADO] tall22 x=61913 y=1955 mapa=cidade id=heroi_tall22 jog=2 slimes=226 fps=0 ws=1 updMs=7
[ESTADO] tall22 x=61913 y=1955 mapa=cidade id=heroi_tall22 jog=2 slimes=226 fps=0 ws=1 updMs=36
[ESTADO] tall22 x=61913 y=1955 mapa=cidade id=heroi_tall22 jog=2 slimes=226 fps=0 ws=1 updMs=37
[ESTADO] tall22 x=61913 y=1955 mapa=cidade id=heroi_tall22 jog=2 slimes=226 fps=0 ws=1 updMs=25
[ESTADO] tall22 x=61913 y=1955 mapa=cidade id=heroi_tall22 jog=2 slimes=226 fps=0 ws=1 updMs=28
[ESTADO] assdsa x=61706 y=1942 mapa=cidade id=heroi_assdsa jog=2 slimes=226 fps=0 ws=1 updMs=29
[ESTADO] tall22 x=61913 y=1955 mapa=cidade id=heroi_tall22 jog=2 slimes=226 fps=0 ws=1 updMs=56
[ESTADO] assdsa x=61706 y=1942 mapa=cidade id=heroi_assdsa jog=2 slimes=226 fps=0 ws=1 updMs=37
[ESTADO] tall22 x=61913 y=1955 mapa=cidade id=heroi_tall22 jog=2 slimes=226 fps=0 ws=1 updMs=23
[ESTADO] tall22 x=61913 y=1955 mapa=cidade id=heroi_tall22 jog=2 slimes=226 fps=0 ws=1 updMs=33
[ESTADO] assdsa x=61706 y=1942 mapa=cidade id=heroi_assdsa jog=2 slimes=226 fps=0 ws=1 updMs=45
[ESTADO] tall22 x=61913 y=1955 mapa=cidade id=heroi_tall22 jog=1 slimes=226 fps=0 ws=1 updMs=41
[ESTADO] tall22 x=61913 y=1955 mapa=cidade id=heroi_tall22 jog=1 slimes=226 fps=0 ws=1 updMs=21
[ESTADO] tall22 x=61913 y=1955 mapa=cidade id=heroi_tall22 jog=1 slimes=226 fps=0 ws=1 updMs=6
[ESTADO] tall22 x=61913 y=1955 mapa=cidade id=heroi_tall22 jog=1 slimes=226 fps=0 ws=1 updMs=24
[ESTADO] tall22 x=61913 y=1955 mapa=cidade id=heroi_tall22 jog=1 slimes=226 fps=0 ws=1 updMs=42
[ESTADO] tall22 x=61913 y=1955 mapa=cidade id=heroi_tall22 jog=1 slimes=226 fps=0 ws=1 updMs=40
[ESTADO] tall22 x=61913 y=1955 mapa=cidade id=heroi_tall22 jog=1 slimes=226 fps=0 ws=1 updMs=57
[ESTADO] tall22 x=61913 y=1955 mapa=cidade id=heroi_tall22 jog=1 slimes=226 fps=0 ws=1 updMs=40
[ESTADO] tall22 x=61913 y=1955 mapa=cidade id=heroi_tall22 jog=1 slimes=226 fps=0 ws=1 updMs=41
[ESTADO] tall22 x=61913 y=1955 mapa=cidade id=heroi_tall22 jog=1 slimes=226 fps=0 ws=1 updMs=38
[ESTADO] tall22 x=61913 y=1955 mapa=cidade id=heroi_tall22 jog=1 slimes=226 fps=0 ws=1 updMs=40
[ESTADO] tall22 x=61913 y=1955 mapa=cidade id=heroi_tall22 jog=1 slimes=226 fps=0 ws=1 updMs=2
[ESTADO] tall22 x=61913 y=1955 mapa=cidade id=heroi_tall22 jog=1 slimes=226 fps=0 ws=1 updMs=57
[ESTADO] tall22 x=61913 y=1955 mapa=cidade id=heroi_tall22 jog=1 slimes=226 fps=0 ws=1 updMs=38
[ESTADO] tall22 x=61913 y=1955 mapa=cidade id=heroi_tall22 jog=1 slimes=226 fps=0 ws=1 updMs=24
[ESTADO] tall22 x=61913 y=1955 mapa=cidade id=heroi_tall22 jog=1 slimes=226 fps=0 ws=1 updMs=24
[ESTADO] tall22 x=61913 y=1955 mapa=cidade id=heroi_tall22 jog=1 slimes=226 fps=0 ws=1 updMs=40
[ESTADO] tall22 x=61913 y=1955 mapa=cidade id=heroi_tall22 jog=1 slimes=226 fps=0 ws=1 updMs=6
[ESTADO] tall22 x=61913 y=1955 mapa=cidade id=heroi_tall22 jog=1 slimes=226 fps=0 ws=1 updMs=56
[ESTADO] tall22 x=61913 y=1955 mapa=cidade id=heroi_tall22 jog=1 slimes=226 fps=0 ws=1 updMs=24
[ESTADO] tall22 x=61913 y=1955 mapa=cidade id=heroi_tall22 jog=1 slimes=226 fps=0 ws=1 updMs=40
[ESTADO] tall22 x=61913 y=1955 mapa=cidade id=heroi_tall22 jog=1 slimes=226 fps=0 ws=1 updMs=19
[ESTADO] tall22 x=61913 y=1955 mapa=cidade id=heroi_tall22 jog=1 slimes=226 fps=0 ws=1 updMs=24
[ESTADO] tall22 x=61913 y=1955 mapa=cidade id=heroi_tall22 jog=1 slimes=226 fps=0 ws=1 updMs=55
[ESTADO] tall22 x=61913 y=1955 mapa=cidade id=heroi_tall22 jog=1 slimes=226 fps=0 ws=1 updMs=57
[ESTADO] tall22 x=61913 y=1955 mapa=cidade id=heroi_tall22 jog=1 slimes=226 fps=0 ws=1 updMs=58
[ESTADO] tall22 x=61913 y=1955 mapa=cidade id=heroi_tall22 jog=1 slimes=226 fps=0 ws=1 updMs=24
[ESTADO] tall22 x=61913 y=1955 mapa=cidade id=heroi_tall22 jog=1 slimes=226 fps=0 ws=1 updMs=23
[ESTADO] tall22 x=61913 y=1955 mapa=cidade id=heroi_tall22 jog=1 slimes=226 fps=0 ws=1 updMs=41
[ESTADO] tall22 x=61913 y=1955 mapa=cidade id=heroi_tall22 jog=1 slimes=226 fps=0 ws=1 updMs=23
[ESTADO] tall22 x=61913 y=1955 mapa=cidade id=heroi_tall22 jog=1 slimes=226 fps=0 ws=1 updMs=23
[ESTADO] tall22 x=61913 y=1955 mapa=cidade id=heroi_tall22 jog=1 slimes=226 fps=0 ws=1 updMs=57
[ESTADO] tall22 x=61913 y=1955 mapa=cidade id=heroi_tall22 jog=1 slimes=226 fps=0 ws=1 updMs=20
[ESTADO] tall22 x=61913 y=1955 mapa=cidade id=heroi_tall22 jog=1 slimes=226 fps=0 ws=1 updMs=5
[ESTADO] tall22 x=61913 y=1955 mapa=cidade id=heroi_tall22 jog=1 slimes=226 fps=0 ws=1 updMs=23
[ESTADO] tall22 x=61913 y=1955 mapa=cidade id=heroi_tall22 jog=1 slimes=226 fps=0 ws=1 updMs=6
[ESTADO] tall22 x=61913 y=1955 mapa=cidade id=heroi_tall22 jog=1 slimes=226 fps=0 ws=1 updMs=7
[ESTADO] tall22 x=61913 y=1955 mapa=cidade id=heroi_tall22 jog=1 slimes=226 fps=0 ws=1 updMs=22
[ESTADO] tall22 x=61913 y=1955 mapa=cidade id=heroi_tall22 jog=1 slimes=226 fps=0 ws=1 updMs=7
[ESTADO] tall22 x=61913 y=1955 mapa=cidade id=heroi_tall22 jog=1 slimes=226 fps=0 ws=1 updMs=57
[ESTADO] tall22 x=61913 y=1955 mapa=cidade id=heroi_tall22 jog=1 slimes=226 fps=0 ws=1 updMs=56
[CONEXAO] cliente conectado (2026-09-17T04:13:50.376Z)
[LOGIN] tall22 pos(61913,1955) classe=curandeiro
[ESTADO] tall22 x=61913 y=1955 mapa=cidade id=heroi_tall22 jog=1 slimes=226 fps=0 ws=1 updMs=23
[ESTADO] tall22 x=61913 y=1927 mapa=cidade id=heroi_tall22 jog=1 slimes=226 fps=0 ws=1 updMs=40
[ESTADO] tall22 x=61913 y=1927 mapa=cidade id=heroi_tall22 jog=1 slimes=226 fps=0 ws=1 updMs=23
[ESTADO] tall22 x=61913 y=1927 mapa=cidade id=heroi_tall22 jog=1 slimes=226 fps=0 ws=1 updMs=19
[ESTADO] tall22 x=61913 y=1927 mapa=cidade id=heroi_tall22 jog=1 slimes=226 fps=0 ws=1 updMs=8
[ESTADO] tall22 x=61913 y=1927 mapa=cidade id=heroi_tall22 jog=1 slimes=226 fps=0 ws=1 updMs=23
[ESTADO] tall22 x=61913 y=1927 mapa=cidade id=heroi_tall22 jog=1 slimes=226 fps=0 ws=1 updMs=24
[ESTADO] tall22 x=61913 y=1927 mapa=cidade id=heroi_tall22 jog=1 slimes=226 fps=0 ws=1 updMs=26
[ESTADO] tall22 x=61913 y=1927 mapa=cidade id=heroi_tall22 jog=1 slimes=226 fps=0 ws=1 updMs=4
[ESTADO] tall22 x=61913 y=1927 mapa=cidade id=heroi_tall22 jog=1 slimes=226 fps=0 ws=1 updMs=1
[ESTADO] tall22 x=61913 y=1927 mapa=cidade id=heroi_tall22 jog=1 slimes=226 fps=0 ws=1 updMs=41
[ESTADO] tall22 x=61913 y=1927 mapa=cidade id=heroi_tall22 jog=1 slimes=226 fps=0 ws=1 updMs=58
[ESTADO] tall22 x=61913 y=1927 mapa=cidade id=heroi_tall22 jog=1 slimes=226 fps=0 ws=1 updMs=24
[ESTADO] tall22 x=61913 y=1927 mapa=cidade id=heroi_tall22 jog=1 slimes=226 fps=0 ws=1 updMs=58
[ESTADO] tall22 x=61913 y=1927 mapa=cidade id=heroi_tall22 jog=1 slimes=226 fps=0 ws=1 updMs=17
[ESTADO] tall22 x=61913 y=1927 mapa=cidade id=heroi_tall22 jog=1 slimes=226 fps=0 ws=1 updMs=53
[ESTADO] tall22 x=61913 y=1927 mapa=cidade id=heroi_tall22 jog=1 slimes=226 fps=0 ws=1 updMs=40
[ESTADO] tall22 x=61913 y=1927 mapa=cidade id=heroi_tall22 jog=1 slimes=226 fps=0 ws=1 updMs=24
[ESTADO] tall22 x=61913 y=1927 mapa=cidade id=heroi_tall22 jog=1 slimes=226 fps=0 ws=1 updMs=3
[CONEXAO] cliente conectado (2026-09-17T04:18:11.344Z)
[LOGIN] tall22 pos(61913,1927) classe=mago
[ESTADO] tall22 x=61800 y=2000 mapa=cidade id=heroi_tall22 jog=1 slimes=226 fps=0 ws=1 updMs=7
[ESTADO] tall22 x=61790 y=2000 mapa=cidade id=heroi_tall22 jog=1 slimes=226 fps=0 ws=1 updMs=57
[ESTADO] tall22 x=61804 y=2000 mapa=cidade id=heroi_tall22 jog=1 slimes=226 fps=0 ws=1 updMs=7
[ESTADO] tall22 x=61804 y=2000 mapa=cidade id=heroi_tall22 jog=1 slimes=226 fps=0 ws=1 updMs=20
[ESTADO] tall22 x=61804 y=2000 mapa=cidade id=heroi_tall22 jog=1 slimes=226 fps=0 ws=1 updMs=39
[ESTADO] tall22 x=61804 y=2000 mapa=cidade id=heroi_tall22 jog=1 slimes=226 fps=0 ws=1 updMs=10
[ESTADO] tall22 x=61804 y=2000 mapa=cidade id=heroi_tall22 jog=1 slimes=226 fps=0 ws=1 updMs=36
[ESTADO] tall22 x=61804 y=2000 mapa=cidade id=heroi_tall22 jog=1 slimes=226 fps=0 ws=1 updMs=41
[ESTADO] tall22 x=61804 y=2000 mapa=cidade id=heroi_tall22 jog=1 slimes=226 fps=0 ws=1 updMs=40
[ESTADO] tall22 x=61804 y=2000 mapa=cidade id=heroi_tall22 jog=1 slimes=226 fps=0 ws=1 updMs=1
[ESTADO] tall22 x=61804 y=2000 mapa=cidade id=heroi_tall22 jog=1 slimes=226 fps=0 ws=1 updMs=8
[ESTADO] tall22 x=61804 y=2000 mapa=cidade id=heroi_tall22 jog=1 slimes=226 fps=0 ws=1 updMs=56
[ESTADO] tall22 x=61804 y=2000 mapa=cidade id=heroi_tall22 jog=1 slimes=226 fps=0 ws=1 updMs=24
[ESTADO] tall22 x=61804 y=2000 mapa=cidade id=heroi_tall22 jog=1 slimes=226 fps=0 ws=1 updMs=24
[ESTADO] tall22 x=61804 y=2000 mapa=cidade id=heroi_tall22 jog=1 slimes=226 fps=0 ws=1 updMs=15
[ESTADO] tall22 x=61804 y=2000 mapa=cidade id=heroi_tall22 jog=1 slimes=226 fps=0 ws=1 updMs=9
[ESTADO] tall22 x=61804 y=2000 mapa=cidade id=heroi_tall22 jog=1 slimes=226 fps=0 ws=1 updMs=38
[ESTADO] tall22 x=61804 y=2000 mapa=cidade id=heroi_tall22 jog=1 slimes=226 fps=0 ws=1 updMs=7
[ESTADO] tall22 x=61804 y=2000 mapa=cidade id=heroi_tall22 jog=1 slimes=226 fps=0 ws=1 updMs=38
[ESTADO] tall22 x=61804 y=2000 mapa=cidade id=heroi_tall22 jog=1 slimes=226 fps=0 ws=1 updMs=38
[ESTADO] tall22 x=61804 y=2000 mapa=cidade id=heroi_tall22 jog=1 slimes=226 fps=0 ws=1 updMs=8
[ESTADO] tall22 x=61804 y=2000 mapa=cidade id=heroi_tall22 jog=1 slimes=226 fps=0 ws=1 updMs=24
[ESTADO] tall22 x=61804 y=2000 mapa=cidade id=heroi_tall22 jog=1 slimes=226 fps=0 ws=1 updMs=20
[ESTADO] tall22 x=61804 y=2000 mapa=cidade id=heroi_tall22 jog=1 slimes=226 fps=0 ws=1 updMs=21
[ESTADO] tall22 x=61804 y=2000 mapa=cidade id=heroi_tall22 jog=1 slimes=226 fps=0 ws=1 updMs=44
[ESTADO] tall22 x=61804 y=2000 mapa=cidade id=heroi_tall22 jog=1 slimes=226 fps=0 ws=1 updMs=51
[ESTADO] tall22 x=61804 y=2000 mapa=cidade id=heroi_tall22 jog=1 slimes=226 fps=0 ws=1 updMs=43
[ESTADO] tall22 x=61804 y=2000 mapa=cidade id=heroi_tall22 jog=1 slimes=226 fps=0 ws=1 updMs=23
[ESTADO] tall22 x=61804 y=2000 mapa=cidade id=heroi_tall22 jog=1 slimes=226 fps=0 ws=1 updMs=24
[ESTADO] tall22 x=61804 y=2000 mapa=cidade id=heroi_tall22 jog=1 slimes=226 fps=0 ws=1 updMs=5
[ESTADO] tall22 x=61804 y=2000 mapa=cidade id=heroi_tall22 jog=1 slimes=226 fps=0 ws=1 updMs=21
[ESTADO] tall22 x=61804 y=2000 mapa=cidade id=heroi_tall22 jog=1 slimes=226 fps=0 ws=1 updMs=53
[ESTADO] tall22 x=61804 y=2000 mapa=cidade id=heroi_tall22 jog=1 slimes=226 fps=0 ws=1 updMs=36
[ESTADO] tall22 x=61804 y=2000 mapa=cidade id=heroi_tall22 jog=1 slimes=226 fps=0 ws=1 updMs=5
[ESTADO] tall22 x=61804 y=2000 mapa=cidade id=heroi_tall22 jog=1 slimes=226 fps=0 ws=1 updMs=8
[ESTADO] tall22 x=61804 y=2000 mapa=cidade id=heroi_tall22 jog=1 slimes=226 fps=0 ws=1 updMs=24
[ESTADO] tall22 x=61804 y=2000 mapa=cidade id=heroi_tall22 jog=1 slimes=226 fps=0 ws=1 updMs=52
[ESTADO] tall22 x=61804 y=2000 mapa=cidade id=heroi_tall22 jog=1 slimes=226 fps=0 ws=1 updMs=25
[CONEXAO] cliente conectado (2026-09-17T04:19:33.902Z)
[LOGIN] tall22 pos(61804,2000) classe=mago
[ESTADO] tall22 x=61804 y=2000 mapa=cidade id=heroi_tall22 jog=1 slimes=226 fps=0 ws=1 updMs=54
[CONEXAO] cliente conectado (2026-09-17T04:19:36.663Z)
[LOGIN] tall22 pos(61804,2000) classe=mago
[ESTADO] tall22 x=61804 y=2000 mapa=cidade id=heroi_tall22 jog=1 slimes=226 fps=0 ws=1 updMs=18
[ESTADO] tall22 x=61780 y=2014 mapa=cidade id=heroi_tall22 jog=1 slimes=226 fps=0 ws=1 updMs=54
[ESTADO] tall22 x=61780 y=2014 mapa=cidade id=heroi_tall22 jog=1 slimes=226 fps=0 ws=1 updMs=61
[ESTADO] tall22 x=61780 y=2014 mapa=cidade id=heroi_tall22 jog=1 slimes=226 fps=0 ws=1 updMs=8
[ESTADO] tall22 x=61780 y=2014 mapa=cidade id=heroi_tall22 jog=1 slimes=226 fps=0 ws=1 updMs=5
[ESTADO] tall22 x=61780 y=2014 mapa=cidade id=heroi_tall22 jog=1 slimes=226 fps=0 ws=1 updMs=22
[ESTADO] tall22 x=61780 y=2014 mapa=cidade id=heroi_tall22 jog=1 slimes=226 fps=0 ws=1 updMs=52
[ESTADO] tall22 x=61780 y=2014 mapa=cidade id=heroi_tall22 jog=1 slimes=226 fps=0 ws=1 updMs=52
[ESTADO] tall22 x=61780 y=2014 mapa=cidade id=heroi_tall22 jog=1 slimes=226 fps=0 ws=1 updMs=7
[ESTADO] tall22 x=61780 y=2014 mapa=cidade id=heroi_tall22 jog=1 slimes=226 fps=0 ws=1 updMs=28
[ESTADO] tall22 x=61780 y=2014 mapa=cidade id=heroi_tall22 jog=1 slimes=226 fps=0 ws=1 updMs=38
[ESTADO] tall22 x=61780 y=2014 mapa=cidade id=heroi_tall22 jog=1 slimes=226 fps=0 ws=1 updMs=5
[ESTADO] tall22 x=61780 y=2014 mapa=cidade id=heroi_tall22 jog=1 slimes=226 fps=0 ws=1 updMs=23
[ESTADO] tall22 x=61780 y=2014 mapa=cidade id=heroi_tall22 jog=1 slimes=226 fps=0 ws=1 updMs=33
[ESTADO] tall22 x=61780 y=2014 mapa=cidade id=heroi_tall22 jog=1 slimes=226 fps=0 ws=1 updMs=21
[ESTADO] tall22 x=61780 y=2014 mapa=cidade id=heroi_tall22 jog=1 slimes=226 fps=0 ws=1 updMs=23
[ESTADO] tall22 x=61780 y=2014 mapa=cidade id=heroi_tall22 jog=1 slimes=226 fps=0 ws=1 updMs=5
[ESTADO] tall22 x=61780 y=2014 mapa=cidade id=heroi_tall22 jog=1 slimes=226 fps=0 ws=1 updMs=19
[ESTADO] tall22 x=61780 y=2014 mapa=cidade id=heroi_tall22 jog=1 slimes=226 fps=0 ws=1 updMs=53
[ESTADO] tall22 x=61780 y=2014 mapa=cidade id=heroi_tall22 jog=1 slimes=226 fps=0 ws=1 updMs=36
[ESTADO] tall22 x=61780 y=2014 mapa=cidade id=heroi_tall22 jog=1 slimes=226 fps=0 ws=1 updMs=4
[ESTADO] tall22 x=61780 y=2014 mapa=cidade id=heroi_tall22 jog=1 slimes=226 fps=0 ws=1 updMs=34
[ESTADO] tall22 x=61780 y=2014 mapa=cidade id=heroi_tall22 jog=1 slimes=226 fps=0 ws=1 updMs=44
[ESTADO] tall22 x=61780 y=2014 mapa=cidade id=heroi_tall22 jog=1 slimes=226 fps=0 ws=1 updMs=5
[ESTADO] tall22 x=61780 y=2014 mapa=cidade id=heroi_tall22 jog=1 slimes=226 fps=0 ws=1 updMs=0
[CONEXAO] cliente conectado (2026-09-17T04:23:47.975Z)
[LOGIN] tall22 pos(61780,2014) classe=summoner
[ESTADO] tall22 x=61780 y=2014 mapa=cidade id=heroi_tall22 jog=1 slimes=226 fps=0 ws=1 updMs=36
[ESTADO] tall22 x=61732 y=2014 mapa=cidade id=heroi_tall22 jog=1 slimes=226 fps=0 ws=1 updMs=2
[ESTADO] tall22 x=61590 y=1885 mapa=cidade id=heroi_tall22 jog=1 slimes=226 fps=0 ws=1 updMs=0
[ESTADO] tall22 x=61728 y=1946 mapa=cidade id=heroi_tall22 jog=1 slimes=226 fps=0 ws=1 updMs=36
[ESTADO] tall22 x=61728 y=1946 mapa=cidade id=heroi_tall22 jog=1 slimes=226 fps=0 ws=1 updMs=4
[ESTADO] tall22 x=61742 y=1946 mapa=cidade id=heroi_tall22 jog=1 slimes=226 fps=0 ws=1 updMs=38
[ESTADO] tall22 x=61742 y=1946 mapa=cidade id=heroi_tall22 jog=1 slimes=226 fps=0 ws=1 updMs=18
[ESTADO] tall22 x=61742 y=1946 mapa=cidade id=heroi_tall22 jog=1 slimes=226 fps=0 ws=1 updMs=14
[ESTADO] tall22 x=61742 y=1946 mapa=cidade id=heroi_tall22 jog=1 slimes=226 fps=0 ws=1 updMs=1
[CONEXAO] cliente conectado (2026-09-17T04:28:20.330Z)
[LOGIN] tall22 pos(61742,1946) classe=mago
[ESTADO] tall22 x=61742 y=1946 mapa=cidade id=heroi_tall22 jog=1 slimes=226 fps=0 ws=1 updMs=7
[ESTADO] tall22 x=61698 y=1946 mapa=cidade id=heroi_tall22 jog=1 slimes=226 fps=0 ws=1 updMs=40
[ESTADO] tall22 x=61759 y=1956 mapa=cidade id=heroi_tall22 jog=1 slimes=226 fps=0 ws=1 updMs=20
[ESTADO] tall22 x=61846 y=1956 mapa=cidade id=heroi_tall22 jog=1 slimes=226 fps=0 ws=1 updMs=8
[ESTADO] tall22 x=61846 y=1956 mapa=cidade id=heroi_tall22 jog=1 slimes=226 fps=0 ws=1 updMs=25
[ESTADO] tall22 x=61846 y=1956 mapa=cidade id=heroi_tall22 jog=1 slimes=226 fps=0 ws=1 updMs=24
[ESTADO] tall22 x=61846 y=1956 mapa=cidade id=heroi_tall22 jog=1 slimes=226 fps=0 ws=1 updMs=38
[ESTADO] tall22 x=61846 y=1956 mapa=cidade id=heroi_tall22 jog=1 slimes=226 fps=0 ws=1 updMs=40
[ESTADO] tall22 x=61846 y=1956 mapa=cidade id=heroi_tall22 jog=1 slimes=226 fps=0 ws=1 updMs=57
[ESTADO] tall22 x=61846 y=1956 mapa=cidade id=heroi_tall22 jog=1 slimes=226 fps=0 ws=1 updMs=54
[ESTADO] tall22 x=61846 y=1956 mapa=cidade id=heroi_tall22 jog=1 slimes=226 fps=0 ws=1 updMs=21
[ESTADO] tall22 x=61846 y=1956 mapa=cidade id=heroi_tall22 jog=1 slimes=226 fps=0 ws=1 updMs=7
[ESTADO] tall22 x=61846 y=1956 mapa=cidade id=heroi_tall22 jog=1 slimes=226 fps=0 ws=1 updMs=41
[ESTADO] tall22 x=61720 y=1956 mapa=cidade id=heroi_tall22 jog=1 slimes=226 fps=0 ws=1 updMs=58
[ESTADO] tall22 x=61754 y=1968 mapa=cidade id=heroi_tall22 jog=1 slimes=226 fps=0 ws=1 updMs=54
[ESTADO] tall22 x=61818 y=1968 mapa=cidade id=heroi_tall22 jog=1 slimes=226 fps=0 ws=1 updMs=51
[CONEXAO] cliente conectado (2026-09-17T04:30:00.847Z)
[LOGIN] tall22 pos(61818,1968) classe=summoner
[ESTADO] tall22 x=61818 y=1968 mapa=cidade id=heroi_tall22 jog=1 slimes=226 fps=0 ws=1 updMs=56
[ESTADO] tall22 x=61758 y=1968 mapa=cidade id=heroi_tall22 jog=1 slimes=226 fps=0 ws=1 updMs=23
[ESTADO] tall22 x=61870 y=1968 mapa=cidade id=heroi_tall22 jog=1 slimes=226 fps=0 ws=1 updMs=18
[ESTADO] tall22 x=61870 y=1968 mapa=cidade id=heroi_tall22 jog=1 slimes=226 fps=0 ws=1 updMs=7
[ESTADO] tall22 x=61870 y=1968 mapa=cidade id=heroi_tall22 jog=1 slimes=226 fps=0 ws=1 updMs=7
[ESTADO] tall22 x=61870 y=1968 mapa=cidade id=heroi_tall22 jog=1 slimes=226 fps=0 ws=1 updMs=57
[ESTADO] tall22 x=61870 y=1968 mapa=cidade id=heroi_tall22 jog=1 slimes=226 fps=0 ws=1 updMs=41
[ESTADO] tall22 x=61870 y=1968 mapa=cidade id=heroi_tall22 jog=1 slimes=226 fps=0 ws=1 updMs=6
[ESTADO] tall22 x=61870 y=1968 mapa=cidade id=heroi_tall22 jog=1 slimes=226 fps=0 ws=1 updMs=40
[ESTADO] tall22 x=61870 y=1968 mapa=cidade id=heroi_tall22 jog=1 slimes=226 fps=0 ws=1 updMs=40
[CONEXAO] cliente conectado (2026-09-17T05:27:52.848Z)
[LOGIN] tall22 pos(61870,1968) classe=summoner
[ESTADO] tall22 x=61870 y=1968 mapa=cidade id=heroi_tall22 jog=1 slimes=226 fps=0 ws=1 updMs=1
[ESTADO] tall22 x=61870 y=1968 mapa=cidade id=heroi_tall22 jog=1 slimes=226 fps=0 ws=1 updMs=40
[ESTADO] tall22 x=61819 y=1968 mapa=cidade id=heroi_tall22 jog=1 slimes=226 fps=0 ws=1 updMs=39
[ESTADO] tall22 x=61683 y=1968 mapa=cidade id=heroi_tall22 jog=1 slimes=226 fps=0 ws=1 updMs=7
[ESTADO] tall22 x=61771 y=1968 mapa=cidade id=heroi_tall22 jog=1 slimes=226 fps=0 ws=1 updMs=41
[CONEXAO] cliente conectado (2026-09-17T05:28:01.261Z)
[LOGIN] tall22 pos(61771,1968) classe=summoner
[ESTADO] tall22 x=61771 y=1968 mapa=cidade id=heroi_tall22 jog=1 slimes=226 fps=0 ws=1 updMs=22
[ESTADO] tall22 x=61784 y=1968 mapa=cidade id=heroi_tall22 jog=1 slimes=226 fps=0 ws=1 updMs=39
[ESTADO] tall22 x=61831 y=1968 mapa=cidade id=heroi_tall22 jog=1 slimes=226 fps=0 ws=1 updMs=39
[ESTADO] tall22 x=61831 y=1968 mapa=cidade id=heroi_tall22 jog=1 slimes=226 fps=0 ws=1 updMs=39
[ESTADO] tall22 x=61831 y=1968 mapa=cidade id=heroi_tall22 jog=1 slimes=226 fps=0 ws=1 updMs=41
[CONEXAO] cliente conectado (2026-09-17T05:28:11.149Z)
[LOGIN] tall22 pos(61831,1968) classe=mago
[ESTADO] tall22 x=61831 y=1968 mapa=cidade id=heroi_tall22 jog=1 slimes=226 fps=0 ws=1 updMs=40
[ESTADO] tall22 x=61831 y=1968 mapa=cidade id=heroi_tall22 jog=1 slimes=226 fps=0 ws=1 updMs=57
[ESTADO] tall22 x=61831 y=1968 mapa=cidade id=heroi_tall22 jog=1 slimes=226 fps=0 ws=1 updMs=17
[ESTADO] tall22 x=61831 y=1968 mapa=cidade id=heroi_tall22 jog=1 slimes=226 fps=0 ws=1 updMs=6
[ESTADO] tall22 x=61831 y=1968 mapa=cidade id=heroi_tall22 jog=1 slimes=226 fps=0 ws=1 updMs=40
[ESTADO] tall22 x=61831 y=1968 mapa=cidade id=heroi_tall22 jog=1 slimes=226 fps=0 ws=1 updMs=41
[ESTADO] tall22 x=61831 y=1968 mapa=cidade id=heroi_tall22 jog=1 slimes=226 fps=0 ws=1 updMs=41
[ESTADO] tall22 x=61831 y=1968 mapa=cidade id=heroi_tall22 jog=1 slimes=226 fps=0 ws=1 updMs=24
[ESTADO] tall22 x=61831 y=1968 mapa=cidade id=heroi_tall22 jog=1 slimes=226 fps=0 ws=1 updMs=25
[ESTADO] tall22 x=61831 y=1968 mapa=cidade id=heroi_tall22 jog=1 slimes=226 fps=0 ws=1 updMs=8
[ESTADO] tall22 x=61831 y=1968 mapa=cidade id=heroi_tall22 jog=1 slimes=226 fps=0 ws=1 updMs=41
[ESTADO] tall22 x=61831 y=1968 mapa=cidade id=heroi_tall22 jog=1 slimes=226 fps=0 ws=1 updMs=24
[ESTADO] tall22 x=61831 y=1968 mapa=cidade id=heroi_tall22 jog=1 slimes=226 fps=0 ws=1 updMs=40
[ESTADO] tall22 x=61831 y=1968 mapa=cidade id=heroi_tall22 jog=1 slimes=226 fps=0 ws=1 updMs=53
[ESTADO] tall22 x=61831 y=1968 mapa=cidade id=heroi_tall22 jog=1 slimes=226 fps=0 ws=1 updMs=57
[ESTADO] tall22 x=61831 y=1968 mapa=cidade id=heroi_tall22 jog=1 slimes=226 fps=0 ws=1 updMs=7
[ESTADO] tall22 x=61831 y=1968 mapa=cidade id=heroi_tall22 jog=1 slimes=226 fps=0 ws=1 updMs=24
[ESTADO] tall22 x=61831 y=1968 mapa=cidade id=heroi_tall22 jog=1 slimes=226 fps=0 ws=1 updMs=41
[ESTADO] tall22 x=61831 y=1968 mapa=cidade id=heroi_tall22 jog=1 slimes=226 fps=0 ws=1 updMs=42
[ESTADO] tall22 x=61831 y=1968 mapa=cidade id=heroi_tall22 jog=1 slimes=226 fps=0 ws=1 updMs=57
[ESTADO] tall22 x=61831 y=1968 mapa=cidade id=heroi_tall22 jog=1 slimes=226 fps=0 ws=1 updMs=34
[ESTADO] tall22 x=61831 y=1968 mapa=cidade id=heroi_tall22 jog=1 slimes=226 fps=0 ws=1 updMs=8
[ESTADO] tall22 x=61831 y=1968 mapa=cidade id=heroi_tall22 jog=1 slimes=226 fps=0 ws=1 updMs=21
[ESTADO] tall22 x=61831 y=1968 mapa=cidade id=heroi_tall22 jog=1 slimes=226 fps=0 ws=1 updMs=57
[ESTADO] tall22 x=61831 y=1968 mapa=cidade id=heroi_tall22 jog=1 slimes=226 fps=0 ws=1 updMs=58
[ESTADO] tall22 x=61831 y=1968 mapa=cidade id=heroi_tall22 jog=1 slimes=226 fps=0 ws=1 updMs=7
[ESTADO] tall22 x=61831 y=1968 mapa=cidade id=heroi_tall22 jog=1 slimes=226 fps=0 ws=1 updMs=8
[ESTADO] tall22 x=61831 y=1968 mapa=cidade id=heroi_tall22 jog=1 slimes=226 fps=0 ws=1 updMs=34
[ESTADO] tall22 x=61831 y=1968 mapa=cidade id=heroi_tall22 jog=1 slimes=226 fps=0 ws=1 updMs=24
[ESTADO] tall22 x=61831 y=1968 mapa=cidade id=heroi_tall22 jog=1 slimes=226 fps=0 ws=1 updMs=22
[ESTADO] tall22 x=61831 y=1968 mapa=cidade id=heroi_tall22 jog=1 slimes=226 fps=0 ws=1 updMs=20
[ESTADO] tall22 x=61831 y=1968 mapa=cidade id=heroi_tall22 jog=1 slimes=226 fps=0 ws=1 updMs=5
[ESTADO] tall22 x=61831 y=1968 mapa=cidade id=heroi_tall22 jog=1 slimes=226 fps=0 ws=1 updMs=45
[ESTADO] tall22 x=61831 y=1968 mapa=cidade id=heroi_tall22 jog=1 slimes=226 fps=0 ws=1 updMs=58
[ESTADO] tall22 x=61831 y=1968 mapa=cidade id=heroi_tall22 jog=1 slimes=226 fps=0 ws=1 updMs=8
[ESTADO] tall22 x=61831 y=1968 mapa=cidade id=heroi_tall22 jog=1 slimes=226 fps=0 ws=1 updMs=23
[ESTADO] tall22 x=61831 y=1968 mapa=cidade id=heroi_tall22 jog=1 slimes=226 fps=0 ws=1 updMs=23
[ESTADO] tall22 x=61831 y=1968 mapa=cidade id=heroi_tall22 jog=1 slimes=226 fps=0 ws=1 updMs=57
[ESTADO] tall22 x=61831 y=1968 mapa=cidade id=heroi_tall22 jog=1 slimes=226 fps=0 ws=1 updMs=7
[ESTADO] tall22 x=61831 y=1968 mapa=cidade id=heroi_tall22 jog=1 slimes=226 fps=0 ws=1 updMs=23
[ESTADO] tall22 x=61831 y=1968 mapa=cidade id=heroi_tall22 jog=1 slimes=226 fps=0 ws=1 updMs=8
[ESTADO] tall22 x=61831 y=1968 mapa=cidade id=heroi_tall22 jog=1 slimes=226 fps=0 ws=1 updMs=24
[ESTADO] tall22 x=61831 y=1968 mapa=cidade id=heroi_tall22 jog=1 slimes=226 fps=0 ws=1 updMs=41
[ESTADO] tall22 x=61831 y=1968 mapa=cidade id=heroi_tall22 jog=1 slimes=226 fps=0 ws=1 updMs=40
[ESTADO] tall22 x=61831 y=1968 mapa=cidade id=heroi_tall22 jog=1 slimes=226 fps=0 ws=1 updMs=39
[ESTADO] tall22 x=61831 y=1968 mapa=cidade id=heroi_tall22 jog=1 slimes=226 fps=0 ws=1 updMs=41
[ESTADO] tall22 x=61831 y=1968 mapa=cidade id=heroi_tall22 jog=1 slimes=226 fps=0 ws=1 updMs=4
[ESTADO] tall22 x=61831 y=1968 mapa=cidade id=heroi_tall22 jog=1 slimes=226 fps=0 ws=1 updMs=7
[ESTADO] tall22 x=61831 y=1968 mapa=cidade id=heroi_tall22 jog=1 slimes=226 fps=0 ws=1 updMs=24
[ESTADO] tall22 x=61831 y=1968 mapa=cidade id=heroi_tall22 jog=1 slimes=226 fps=0 ws=1 updMs=8
[ESTADO] tall22 x=61831 y=1968 mapa=cidade id=heroi_tall22 jog=1 slimes=226 fps=0 ws=1 updMs=37
[ESTADO] tall22 x=61831 y=1968 mapa=cidade id=heroi_tall22 jog=1 slimes=226 fps=0 ws=1 updMs=41
[ESTADO] tall22 x=61831 y=1968 mapa=cidade id=heroi_tall22 jog=1 slimes=226 fps=0 ws=1 updMs=25
[ESTADO] tall22 x=61831 y=1968 mapa=cidade id=heroi_tall22 jog=1 slimes=226 fps=0 ws=1 updMs=5
[ESTADO] tall22 x=61831 y=1968 mapa=cidade id=heroi_tall22 jog=1 slimes=226 fps=0 ws=1 updMs=7
[ESTADO] tall22 x=61831 y=1968 mapa=cidade id=heroi_tall22 jog=1 slimes=226 fps=0 ws=1 updMs=20
[ESTADO] tall22 x=61831 y=1968 mapa=cidade id=heroi_tall22 jog=1 slimes=226 fps=0 ws=1 updMs=19
[ESTADO] tall22 x=61831 y=1968 mapa=cidade id=heroi_tall22 jog=1 slimes=226 fps=0 ws=1 updMs=39
[CONEXAO] cliente conectado (2026-09-17T05:30:14.314Z)
[LOGIN] tall22 pos(61831,1968) classe=roqueiro
[ESTADO] tall22 x=61831 y=1968 mapa=cidade id=heroi_tall22 jog=1 slimes=226 fps=0 ws=1 updMs=38
[ESTADO] tall22 x=61831 y=1968 mapa=cidade id=heroi_tall22 jog=1 slimes=226 fps=0 ws=1 updMs=7
[ESTADO] tall22 x=61774 y=1968 mapa=cidade id=heroi_tall22 jog=1 slimes=226 fps=0 ws=1 updMs=24
[ESTADO] tall22 x=61854 y=1968 mapa=cidade id=heroi_tall22 jog=1 slimes=226 fps=0 ws=1 updMs=7
[ESTADO] tall22 x=61888 y=1968 mapa=cidade id=heroi_tall22 jog=1 slimes=226 fps=0 ws=1 updMs=38
[ESTADO] tall22 x=61888 y=1968 mapa=cidade id=heroi_tall22 jog=1 slimes=226 fps=0 ws=1 updMs=56
[ESTADO] tall22 x=61888 y=1968 mapa=cidade id=heroi_tall22 jog=1 slimes=226 fps=0 ws=1 updMs=23
[ESTADO] tall22 x=61888 y=1968 mapa=cidade id=heroi_tall22 jog=1 slimes=226 fps=0 ws=1 updMs=7
[ESTADO] tall22 x=61764 y=1968 mapa=cidade id=heroi_tall22 jog=1 slimes=226 fps=0 ws=1 updMs=7
[ESTADO] tall22 x=61656 y=1968 mapa=cidade id=heroi_tall22 jog=1 slimes=226 fps=0 ws=1 updMs=21
[ESTADO] tall22 x=61708 y=1968 mapa=cidade id=heroi_tall22 jog=1 slimes=226 fps=0 ws=1 updMs=16
[ESTADO] tall22 x=61708 y=1968 mapa=cidade id=heroi_tall22 jog=1 slimes=226 fps=0 ws=1 updMs=7
[ESTADO] tall22 x=61708 y=1968 mapa=cidade id=heroi_tall22 jog=1 slimes=226 fps=0 ws=1 updMs=54
[CONEXAO] cliente conectado (2026-09-17T05:30:37.944Z)
[LOGIN] tall22 pos(61708,1968) classe=roqueiro
[ESTADO] tall22 x=61708 y=1968 mapa=cidade id=heroi_tall22 jog=1 slimes=226 fps=0 ws=1 updMs=3
[ESTADO] tall22 x=61708 y=1968 mapa=cidade id=heroi_tall22 jog=1 slimes=226 fps=0 ws=1 updMs=40
[ESTADO] tall22 x=61922 y=1968 mapa=cidade id=heroi_tall22 jog=1 slimes=226 fps=0 ws=1 updMs=41
[ESTADO] tall22 x=62078 y=1881 mapa=cidade id=heroi_tall22 jog=1 slimes=226 fps=0 ws=1 updMs=23
[ESTADO] tall22 x=61987 y=1881 mapa=cidade id=heroi_tall22 jog=1 slimes=226 fps=0 ws=1 updMs=6
[ESTADO] tall22 x=61847 y=1792 mapa=cidade id=heroi_tall22 jog=1 slimes=226 fps=0 ws=1 updMs=55
[ESTADO] tall22 x=61847 y=1792 mapa=cidade id=heroi_tall22 jog=1 slimes=226 fps=0 ws=1 updMs=2
[ESTADO] tall22 x=5154 y=1433 mapa=green id=heroi_tall22 jog=1 slimes=226 fps=0 ws=1 updMs=21
[ESTADO] tall22 x=5082 y=1459 mapa=green id=heroi_tall22 jog=1 slimes=226 fps=0 ws=1 updMs=27
[ESTADO] tall22 x=5082 y=1459 mapa=green id=heroi_tall22 jog=1 slimes=226 fps=0 ws=1 updMs=27
[ESTADO] tall22 x=5082 y=1459 mapa=green id=heroi_tall22 jog=1 slimes=226 fps=0 ws=1 updMs=11
[ESTADO] tall22 x=5082 y=1459 mapa=green id=heroi_tall22 jog=1 slimes=226 fps=0 ws=1 updMs=19
[ESTADO] tall22 x=5082 y=1459 mapa=green id=heroi_tall22 jog=1 slimes=226 fps=0 ws=1 updMs=12
[ESTADO] tall22 x=5082 y=1459 mapa=green id=heroi_tall22 jog=1 slimes=226 fps=0 ws=1 updMs=9
[ESTADO] tall22 x=5051 y=1429 mapa=green id=heroi_tall22 jog=1 slimes=226 fps=0 ws=1 updMs=44
[ESTADO] tall22 x=5024 y=1426 mapa=green id=heroi_tall22 jog=1 slimes=226 fps=0 ws=1 updMs=28
[ESTADO] tall22 x=5024 y=1426 mapa=green id=heroi_tall22 jog=1 slimes=226 fps=0 ws=1 updMs=24
[ESTADO] tall22 x=5024 y=1426 mapa=green id=heroi_tall22 jog=1 slimes=226 fps=0 ws=1 updMs=9
[ESTADO] tall22 x=5024 y=1426 mapa=green id=heroi_tall22 jog=1 slimes=226 fps=0 ws=1 updMs=11
[ESTADO] tall22 x=5024 y=1426 mapa=green id=heroi_tall22 jog=1 slimes=226 fps=0 ws=1 updMs=61
[ESTADO] tall22 x=5024 y=1426 mapa=green id=heroi_tall22 jog=1 slimes=226 fps=0 ws=1 updMs=56
[ESTADO] tall22 x=5024 y=1426 mapa=green id=heroi_tall22 jog=1 slimes=226 fps=0 ws=1 updMs=34
[ESTADO] tall22 x=5024 y=1426 mapa=green id=heroi_tall22 jog=1 slimes=226 fps=0 ws=1 updMs=34
[ESTADO] tall22 x=5024 y=1426 mapa=green id=heroi_tall22 jog=1 slimes=226 fps=0 ws=1 updMs=27
[ESTADO] tall22 x=5024 y=1426 mapa=green id=heroi_tall22 jog=1 slimes=226 fps=0 ws=1 updMs=26
[ESTADO] tall22 x=5024 y=1426 mapa=green id=heroi_tall22 jog=1 slimes=226 fps=0 ws=1 updMs=27
[CONEXAO] cliente conectado (2026-09-17T05:31:22.345Z)
[LOGIN] tall22 pos(61819,1765) classe=roqueiro
[ESTADO] tall22 x=61819 y=1765 mapa=cidade id=heroi_tall22 jog=1 slimes=226 fps=0 ws=1 updMs=53
[ESTADO] tall22 x=61855 y=1765 mapa=cidade id=heroi_tall22 jog=1 slimes=226 fps=0 ws=1 updMs=21
[ESTADO] tall22 x=62015 y=1765 mapa=cidade id=heroi_tall22 jog=1 slimes=226 fps=0 ws=1 updMs=41
[ESTADO] tall22 x=62094 y=1876 mapa=cidade id=heroi_tall22 jog=1 slimes=226 fps=0 ws=1 updMs=6
[ESTADO] tall22 x=61958 y=1950 mapa=cidade id=heroi_tall22 jog=1 slimes=226 fps=0 ws=1 updMs=7
[ESTADO] tall22 x=61958 y=1950 mapa=cidade id=heroi_tall22 jog=1 slimes=226 fps=0 ws=1 updMs=2
[ESTADO] tall22 x=61958 y=1950 mapa=cidade id=heroi_tall22 jog=1 slimes=226 fps=0 ws=1 updMs=50
[ESTADO] tall22 x=61958 y=1950 mapa=cidade id=heroi_tall22 jog=1 slimes=226 fps=0 ws=1 updMs=8
[ESTADO] tall22 x=61958 y=1950 mapa=cidade id=heroi_tall22 jog=1 slimes=226 fps=0 ws=1 updMs=7
[ESTADO] tall22 x=61958 y=1950 mapa=cidade id=heroi_tall22 jog=1 slimes=226 fps=0 ws=1 updMs=19
[ESTADO] tall22 x=61958 y=1950 mapa=cidade id=heroi_tall22 jog=1 slimes=226 fps=0 ws=1 updMs=7
[ESTADO] tall22 x=61958 y=1950 mapa=cidade id=heroi_tall22 jog=1 slimes=226 fps=0 ws=1 updMs=4
[CONEXAO] cliente conectado (2026-09-17T05:31:44.307Z)
[LOGIN] tall22 pos(61958,1950) classe=roqueiro
[ESTADO] tall22 x=61958 y=1950 mapa=cidade id=heroi_tall22 jog=1 slimes=226 fps=0 ws=1 updMs=38
[ESTADO] tall22 x=61958 y=1950 mapa=cidade id=heroi_tall22 jog=1 slimes=226 fps=0 ws=1 updMs=24
[ESTADO] tall22 x=61958 y=1950 mapa=cidade id=heroi_tall22 jog=1 slimes=226 fps=0 ws=1 updMs=1
[ESTADO] tall22 x=61958 y=1950 mapa=cidade id=heroi_tall22 jog=1 slimes=226 fps=0 ws=1 updMs=38
[ESTADO] tall22 x=61958 y=1950 mapa=cidade id=heroi_tall22 jog=1 slimes=226 fps=0 ws=1 updMs=40
[ESTADO] tall22 x=61958 y=1950 mapa=cidade id=heroi_tall22 jog=1 slimes=226 fps=0 ws=1 updMs=38
[ESTADO] tall22 x=61958 y=1950 mapa=cidade id=heroi_tall22 jog=1 slimes=226 fps=0 ws=1 updMs=6
[ESTADO] tall22 x=61958 y=1950 mapa=cidade id=heroi_tall22 jog=1 slimes=226 fps=0 ws=1 updMs=8
[ESTADO] tall22 x=61958 y=1950 mapa=cidade id=heroi_tall22 jog=1 slimes=226 fps=0 ws=1 updMs=41
[ESTADO] tall22 x=61958 y=1950 mapa=cidade id=heroi_tall22 jog=1 slimes=226 fps=0 ws=1 updMs=24
[ESTADO] tall22 x=61958 y=1950 mapa=cidade id=heroi_tall22 jog=1 slimes=226 fps=0 ws=1 updMs=41
[ESTADO] tall22 x=61958 y=1950 mapa=cidade id=heroi_tall22 jog=1 slimes=226 fps=0 ws=1 updMs=40
[ESTADO] tall22 x=61958 y=1950 mapa=cidade id=heroi_tall22 jog=1 slimes=226 fps=0 ws=1 updMs=16
[ESTADO] tall22 x=61958 y=1950 mapa=cidade id=heroi_tall22 jog=1 slimes=226 fps=0 ws=1 updMs=25
[ESTADO] tall22 x=61958 y=1950 mapa=cidade id=heroi_tall22 jog=1 slimes=226 fps=0 ws=1 updMs=6
[CONEXAO] cliente conectado (2026-09-17T05:32:09.766Z)
[LOGIN] tall22 pos(61958,1950) classe=mago
[ESTADO] tall22 x=61958 y=1950 mapa=cidade id=heroi_tall22 jog=1 slimes=226 fps=0 ws=1 updMs=23
[ESTADO] tall22 x=62040 y=2029 mapa=cidade id=heroi_tall22 jog=1 slimes=226 fps=0 ws=1 updMs=7
[ESTADO] tall22 x=61909 y=2029 mapa=cidade id=heroi_tall22 jog=1 slimes=226 fps=0 ws=1 updMs=40
[ESTADO] tall22 x=61817 y=2029 mapa=cidade id=heroi_tall22 jog=1 slimes=226 fps=0 ws=1 updMs=23
[ESTADO] tall22 x=61817 y=2029 mapa=cidade id=heroi_tall22 jog=1 slimes=226 fps=0 ws=1 updMs=52
[ESTADO] tall22 x=61817 y=2029 mapa=cidade id=heroi_tall22 jog=1 slimes=226 fps=0 ws=1 updMs=7
[ESTADO] tall22 x=61817 y=2029 mapa=cidade id=heroi_tall22 jog=1 slimes=226 fps=0 ws=1 updMs=24
[ESTADO] tall22 x=61817 y=2029 mapa=cidade id=heroi_tall22 jog=1 slimes=226 fps=0 ws=1 updMs=24
[ESTADO] tall22 x=61817 y=2029 mapa=cidade id=heroi_tall22 jog=1 slimes=226 fps=0 ws=1 updMs=23
[ESTADO] tall22 x=61817 y=2029 mapa=cidade id=heroi_tall22 jog=1 slimes=226 fps=0 ws=1 updMs=7
[ESTADO] tall22 x=61817 y=2029 mapa=cidade id=heroi_tall22 jog=1 slimes=226 fps=0 ws=1 updMs=56
[ESTADO] tall22 x=61817 y=2029 mapa=cidade id=heroi_tall22 jog=1 slimes=226 fps=0 ws=1 updMs=23
[ESTADO] tall22 x=61817 y=2029 mapa=cidade id=heroi_tall22 jog=1 slimes=226 fps=0 ws=1 updMs=24
[ESTADO] tall22 x=61817 y=2029 mapa=cidade id=heroi_tall22 jog=1 slimes=226 fps=0 ws=1 updMs=6
[ESTADO] tall22 x=61817 y=2029 mapa=cidade id=heroi_tall22 jog=1 slimes=226 fps=0 ws=1 updMs=52
[ESTADO] tall22 x=61817 y=2029 mapa=cidade id=heroi_tall22 jog=1 slimes=226 fps=0 ws=1 updMs=25
[ESTADO] tall22 x=61817 y=2029 mapa=cidade id=heroi_tall22 jog=1 slimes=226 fps=0 ws=1 updMs=8
[ESTADO] tall22 x=61817 y=2029 mapa=cidade id=heroi_tall22 jog=1 slimes=226 fps=0 ws=1 updMs=20
[ESTADO] tall22 x=61817 y=2029 mapa=cidade id=heroi_tall22 jog=1 slimes=226 fps=0 ws=1 updMs=39
[ESTADO] tall22 x=61817 y=2029 mapa=cidade id=heroi_tall22 jog=1 slimes=226 fps=0 ws=1 updMs=55
[ESTADO] tall22 x=61817 y=2029 mapa=cidade id=heroi_tall22 jog=1 slimes=226 fps=0 ws=1 updMs=24
[ESTADO] tall22 x=61817 y=2029 mapa=cidade id=heroi_tall22 jog=1 slimes=226 fps=0 ws=1 updMs=39
[ESTADO] tall22 x=61817 y=2029 mapa=cidade id=heroi_tall22 jog=1 slimes=226 fps=0 ws=1 updMs=57
[ESTADO] tall22 x=61817 y=2029 mapa=cidade id=heroi_tall22 jog=1 slimes=226 fps=0 ws=1 updMs=7
[ESTADO] tall22 x=61817 y=2029 mapa=cidade id=heroi_tall22 jog=1 slimes=226 fps=0 ws=1 updMs=22
[ESTADO] tall22 x=61817 y=2029 mapa=cidade id=heroi_tall22 jog=1 slimes=226 fps=0 ws=1 updMs=40
[ESTADO] tall22 x=61817 y=2029 mapa=cidade id=heroi_tall22 jog=1 slimes=226 fps=0 ws=1 updMs=22
[ESTADO] tall22 x=61817 y=2029 mapa=cidade id=heroi_tall22 jog=1 slimes=226 fps=0 ws=1 updMs=55
[ESTADO] tall22 x=61817 y=2029 mapa=cidade id=heroi_tall22 jog=1 slimes=226 fps=0 ws=1 updMs=22
[ESTADO] tall22 x=61817 y=2029 mapa=cidade id=heroi_tall22 jog=1 slimes=226 fps=0 ws=1 updMs=22
[ESTADO] tall22 x=61968 y=2039 mapa=cidade id=heroi_tall22 jog=1 slimes=226 fps=0 ws=1 updMs=41
[CONEXAO] cliente conectado (2026-09-17T05:33:22.234Z)
[LOGIN] tall22 pos(61968,2039) classe=roqueiro
[ESTADO] tall22 x=61800 y=2000 mapa=cidade id=heroi_tall22 jog=1 slimes=226 fps=0 ws=1 updMs=37
[ESTADO] tall22 x=61768 y=2025 mapa=cidade id=heroi_tall22 jog=1 slimes=226 fps=0 ws=1 updMs=23
[ESTADO] tall22 x=61740 y=1962 mapa=cidade id=heroi_tall22 jog=1 slimes=226 fps=0 ws=1 updMs=57
[ESTADO] tall22 x=61868 y=1936 mapa=cidade id=heroi_tall22 jog=1 slimes=226 fps=0 ws=1 updMs=7
[ESTADO] tall22 x=61834 y=1834 mapa=cidade id=heroi_tall22 jog=1 slimes=226 fps=0 ws=1 updMs=39
[ESTADO] tall22 x=5209 y=1408 mapa=green id=heroi_tall22 jog=1 slimes=226 fps=0 ws=1 updMs=61
[ESTADO] tall22 x=5089 y=1408 mapa=green id=heroi_tall22 jog=1 slimes=226 fps=0 ws=1 updMs=60
[ESTADO] tall22 x=4913 y=1408 mapa=green id=heroi_tall22 jog=1 slimes=226 fps=0 ws=1 updMs=54
[ESTADO] tall22 x=4941 y=1408 mapa=green id=heroi_tall22 jog=1 slimes=226 fps=0 ws=1 updMs=60
[ESTADO] tall22 x=4941 y=1438 mapa=green id=heroi_tall22 jog=1 slimes=226 fps=0 ws=1 updMs=9
[ESTADO] tall22 x=4941 y=1438 mapa=green id=heroi_tall22 jog=1 slimes=226 fps=0 ws=1 updMs=56
[ESTADO] tall22 x=4941 y=1438 mapa=green id=heroi_tall22 jog=1 slimes=226 fps=0 ws=1 updMs=43
[ESTADO] tall22 x=4893 y=1438 mapa=green id=heroi_tall22 jog=1 slimes=226 fps=0 ws=1 updMs=26
[ESTADO] tall22 x=4893 y=1438 mapa=green id=heroi_tall22 jog=1 slimes=226 fps=0 ws=1 updMs=26
[ESTADO] tall22 x=4893 y=1438 mapa=green id=heroi_tall22 jog=1 slimes=226 fps=0 ws=1 updMs=21
[ESTADO] tall22 x=4893 y=1438 mapa=green id=heroi_tall22 jog=1 slimes=226 fps=0 ws=1 updMs=43
[CONEXAO] cliente conectado (2026-09-17T05:33:52.276Z)
[LOGIN] Tall pos(59920,1400) classe=curandeiro
[ESTADO] Tall x=5000 y=1200 mapa=green id=heroi_Tall jog=1 slimes=226 fps=0 ws=1 updMs=60
[ESTADO] Tall x=5000 y=1200 mapa=green id=heroi_Tall jog=1 slimes=226 fps=0 ws=1 updMs=45
[ESTADO] Tall x=5000 y=1200 mapa=green id=heroi_Tall jog=1 slimes=226 fps=0 ws=1 updMs=58
[CONEXAO] cliente conectado (2026-09-17T05:33:58.569Z)
[LOGIN] Tall pos(59920,1400) classe=curandeiro
[ESTADO] Tall x=59920 y=1400 mapa=cidade id=heroi_Tall jog=1 slimes=226 fps=0 ws=1 updMs=38
[ESTADO] Tall x=59920 y=1400 mapa=cidade id=heroi_Tall jog=1 slimes=226 fps=0 ws=1 updMs=3
[ESTADO] Tall x=59920 y=1400 mapa=cidade id=heroi_Tall jog=1 slimes=226 fps=0 ws=1 updMs=9
[ESTADO] Tall x=59920 y=1400 mapa=cidade id=heroi_Tall jog=1 slimes=226 fps=0 ws=1 updMs=54
[ESTADO] Tall x=59920 y=1400 mapa=cidade id=heroi_Tall jog=1 slimes=226 fps=0 ws=1 updMs=8
[CONEXAO] cliente conectado (2026-09-17T05:34:07.486Z)
[LOGIN] Tall pos(59920,1400) classe=curandeiro
[ESTADO] Tall x=59920 y=1400 mapa=cidade id=heroi_Tall jog=1 slimes=226 fps=0 ws=1 updMs=1
[ESTADO] Tall x=59920 y=1400 mapa=cidade id=heroi_Tall jog=1 slimes=226 fps=0 ws=1 updMs=31
[ESTADO] Tall x=5000 y=1200 mapa=green id=heroi_Tall jog=1 slimes=226 fps=0 ws=1 updMs=45
[ESTADO] Tall x=59920 y=1400 mapa=cidade id=heroi_Tall jog=1 slimes=226 fps=0 ws=1 updMs=24
[ESTADO] Tall x=5000 y=1200 mapa=green id=heroi_Tall jog=1 slimes=226 fps=0 ws=1 updMs=25
[ESTADO] Tall x=5000 y=1200 mapa=green id=heroi_Tall jog=1 slimes=226 fps=0 ws=1 updMs=53
[ESTADO] Tall x=5000 y=1200 mapa=green id=heroi_Tall jog=1 slimes=226 fps=0 ws=1 updMs=17
[ESTADO] Tall x=5000 y=1200 mapa=green id=heroi_Tall jog=1 slimes=226 fps=0 ws=1 updMs=44
[CONEXAO] cliente conectado (2026-09-17T05:34:22.628Z)
[LOGIN] Tall pos(61831,1796) classe=curandeiro
[ESTADO] Tall x=61831 y=1796 mapa=cidade id=heroi_Tall jog=1 slimes=226 fps=0 ws=1 updMs=3
[ESTADO] Tall x=61831 y=1796 mapa=cidade id=heroi_Tall jog=1 slimes=226 fps=0 ws=1 updMs=40
[ESTADO] Tall x=61881 y=1905 mapa=cidade id=heroi_Tall jog=1 slimes=226 fps=0 ws=1 updMs=6
[ESTADO] Tall x=61810 y=1844 mapa=cidade id=heroi_Tall jog=1 slimes=226 fps=0 ws=1 updMs=7
[ESTADO] Tall x=61810 y=1791 mapa=cidade id=heroi_Tall jog=1 slimes=226 fps=0 ws=1 updMs=120
[ESTADO] Tall x=61810 y=1791 mapa=cidade id=heroi_Tall jog=1 slimes=226 fps=0 ws=1 updMs=6
[ESTADO] Tall x=5120 y=1436 mapa=green id=heroi_Tall jog=1 slimes=226 fps=0 ws=1 updMs=44
[ESTADO] Tall x=5006 y=1436 mapa=green id=heroi_Tall jog=1 slimes=226 fps=0 ws=1 updMs=57
[ESTADO] Tall x=5006 y=1436 mapa=green id=heroi_Tall jog=1 slimes=226 fps=0 ws=1 updMs=110
[ESTADO] Tall x=5170 y=1436 mapa=green id=heroi_Tall jog=1 slimes=226 fps=0 ws=1 updMs=42
[ESTADO] Tall x=4928 y=1401 mapa=green id=heroi_Tall jog=1 slimes=226 fps=0 ws=1 updMs=41
[ESTADO] Tall x=4928 y=1433 mapa=green id=heroi_Tall jog=1 slimes=226 fps=0 ws=1 updMs=27
[ESTADO] Tall x=4928 y=1433 mapa=green id=heroi_Tall jog=1 slimes=226 fps=0 ws=1 updMs=45
[ESTADO] Tall x=4928 y=1433 mapa=green id=heroi_Tall jog=1 slimes=226 fps=0 ws=1 updMs=55
[ESTADO] Tall x=4928 y=1433 mapa=green id=heroi_Tall jog=1 slimes=226 fps=0 ws=1 updMs=28
[ESTADO] Tall x=4928 y=1433 mapa=green id=heroi_Tall jog=1 slimes=226 fps=0 ws=1 updMs=29
[ESTADO] Tall x=4928 y=1433 mapa=green id=heroi_Tall jog=1 slimes=226 fps=0 ws=1 updMs=11
[ESTADO] Tall x=4922 y=1439 mapa=green id=heroi_Tall jog=1 slimes=226 fps=0 ws=1 updMs=44
[ESTADO] Tall x=4922 y=1439 mapa=green id=heroi_Tall jog=1 slimes=226 fps=0 ws=1 updMs=60
[ESTADO] Tall x=4922 y=1439 mapa=green id=heroi_Tall jog=1 slimes=226 fps=0 ws=1 updMs=43
[ESTADO] Tall x=4922 y=1439 mapa=green id=heroi_Tall jog=1 slimes=226 fps=0 ws=1 updMs=3
[ESTADO] Tall x=4922 y=1439 mapa=green id=heroi_Tall jog=1 slimes=226 fps=0 ws=1 updMs=45
[ESTADO] Tall x=4922 y=1439 mapa=green id=heroi_Tall jog=1 slimes=226 fps=0 ws=1 updMs=39
[ESTADO] Tall x=4922 y=1439 mapa=green id=heroi_Tall jog=1 slimes=226 fps=0 ws=1 updMs=28
[ESTADO] Tall x=4922 y=1439 mapa=green id=heroi_Tall jog=1 slimes=226 fps=0 ws=1 updMs=18
[ESTADO] Tall x=4922 y=1439 mapa=green id=heroi_Tall jog=1 slimes=226 fps=0 ws=1 updMs=11
[ESTADO] Tall x=4922 y=1439 mapa=green id=heroi_Tall jog=1 slimes=226 fps=0 ws=1 updMs=12
[ESTADO] Tall x=4922 y=1439 mapa=green id=heroi_Tall jog=1 slimes=226 fps=0 ws=1 updMs=11
[ESTADO] Tall x=4922 y=1439 mapa=green id=heroi_Tall jog=1 slimes=226 fps=0 ws=1 updMs=9
[ESTADO] Tall x=4922 y=1439 mapa=green id=heroi_Tall jog=1 slimes=226 fps=0 ws=1 updMs=11
[ESTADO] Tall x=4922 y=1439 mapa=green id=heroi_Tall jog=1 slimes=226 fps=0 ws=1 updMs=0
[ESTADO] Tall x=4922 y=1439 mapa=green id=heroi_Tall jog=1 slimes=226 fps=0 ws=1 updMs=12
[ESTADO] Tall x=4922 y=1439 mapa=green id=heroi_Tall jog=1 slimes=226 fps=0 ws=1 updMs=45
[ESTADO] Tall x=4922 y=1439 mapa=green id=heroi_Tall jog=1 slimes=226 fps=0 ws=1 updMs=60
[ESTADO] Tall x=4922 y=1439 mapa=green id=heroi_Tall jog=1 slimes=226 fps=0 ws=1 updMs=24
[CONEXAO] cliente conectado (2026-09-17T05:35:21.653Z)
[LOGIN] Tall pos(61826,1778) classe=roqueiro
[ESTADO] Tall x=61826 y=1778 mapa=cidade id=heroi_Tall jog=1 slimes=226 fps=0 ws=1 updMs=36
[ESTADO] Tall x=61874 y=1778 mapa=cidade id=heroi_Tall jog=1 slimes=226 fps=0 ws=1 updMs=18
[ESTADO] Tall x=61874 y=1778 mapa=cidade id=heroi_Tall jog=1 slimes=226 fps=0 ws=1 updMs=18
[ESTADO] Tall x=61927 y=1833 mapa=cidade id=heroi_Tall jog=1 slimes=226 fps=0 ws=1 updMs=25
[ESTADO] Tall x=61927 y=1943 mapa=cidade id=heroi_Tall jog=1 slimes=226 fps=0 ws=1 updMs=41
[ESTADO] Tall x=61927 y=1943 mapa=cidade id=heroi_Tall jog=1 slimes=226 fps=0 ws=1 updMs=24
[ESTADO] Tall x=61927 y=1943 mapa=cidade id=heroi_Tall jog=1 slimes=226 fps=0 ws=1 updMs=37
[ESTADO] Tall x=61927 y=1943 mapa=cidade id=heroi_Tall jog=1 slimes=226 fps=0 ws=1 updMs=39
[ESTADO] Tall x=61927 y=1943 mapa=cidade id=heroi_Tall jog=1 slimes=226 fps=0 ws=1 updMs=55
[ESTADO] Tall x=61927 y=1943 mapa=cidade id=heroi_Tall jog=1 slimes=226 fps=0 ws=1 updMs=24
[ESTADO] Tall x=61927 y=1943 mapa=cidade id=heroi_Tall jog=1 slimes=226 fps=0 ws=1 updMs=8
[ESTADO] Tall x=61927 y=1943 mapa=cidade id=heroi_Tall jog=1 slimes=226 fps=0 ws=1 updMs=40
[ESTADO] Tall x=61927 y=1943 mapa=cidade id=heroi_Tall jog=1 slimes=226 fps=0 ws=1 updMs=54
[ESTADO] Tall x=61927 y=1943 mapa=cidade id=heroi_Tall jog=1 slimes=226 fps=0 ws=1 updMs=24
[ESTADO] Tall x=61927 y=1943 mapa=cidade id=heroi_Tall jog=1 slimes=226 fps=0 ws=1 updMs=57
[ESTADO] Tall x=61927 y=1943 mapa=cidade id=heroi_Tall jog=1 slimes=226 fps=0 ws=1 updMs=39
[ESTADO] Tall x=61927 y=1943 mapa=cidade id=heroi_Tall jog=1 slimes=226 fps=0 ws=1 updMs=36
[ESTADO] Tall x=61927 y=1943 mapa=cidade id=heroi_Tall jog=1 slimes=226 fps=0 ws=1 updMs=7
[ESTADO] Tall x=61927 y=1943 mapa=cidade id=heroi_Tall jog=1 slimes=226 fps=0 ws=1 updMs=7
[ESTADO] Tall x=61927 y=1943 mapa=cidade id=heroi_Tall jog=1 slimes=226 fps=0 ws=1 updMs=6
[ESTADO] Tall x=61927 y=1943 mapa=cidade id=heroi_Tall jog=1 slimes=226 fps=0 ws=1 updMs=51
[ESTADO] Tall x=61927 y=1943 mapa=cidade id=heroi_Tall jog=1 slimes=226 fps=0 ws=1 updMs=8
[ESTADO] Tall x=61927 y=1943 mapa=cidade id=heroi_Tall jog=1 slimes=226 fps=0 ws=1 updMs=17
[ESTADO] Tall x=61927 y=1943 mapa=cidade id=heroi_Tall jog=1 slimes=226 fps=0 ws=1 updMs=58
[ESTADO] Tall x=61927 y=1943 mapa=cidade id=heroi_Tall jog=1 slimes=226 fps=0 ws=1 updMs=24
[ESTADO] Tall x=61927 y=1943 mapa=cidade id=heroi_Tall jog=1 slimes=226 fps=0 ws=1 updMs=57
[ESTADO] Tall x=61927 y=1943 mapa=cidade id=heroi_Tall jog=1 slimes=226 fps=0 ws=1 updMs=24
[ESTADO] Tall x=61927 y=1943 mapa=cidade id=heroi_Tall jog=1 slimes=226 fps=0 ws=1 updMs=41
[ESTADO] Tall x=61927 y=1943 mapa=cidade id=heroi_Tall jog=1 slimes=226 fps=0 ws=1 updMs=56
[ESTADO] Tall x=61927 y=1943 mapa=cidade id=heroi_Tall jog=1 slimes=226 fps=0 ws=1 updMs=1
[ESTADO] Tall x=61927 y=1943 mapa=cidade id=heroi_Tall jog=1 slimes=226 fps=0 ws=1 updMs=2
[ESTADO] Tall x=61927 y=1943 mapa=cidade id=heroi_Tall jog=1 slimes=226 fps=0 ws=1 updMs=54
[ESTADO] Tall x=61927 y=1943 mapa=cidade id=heroi_Tall jog=1 slimes=226 fps=0 ws=1 updMs=40
[ESTADO] Tall x=61927 y=1943 mapa=cidade id=heroi_Tall jog=1 slimes=226 fps=0 ws=1 updMs=40
[ESTADO] Tall x=61927 y=1943 mapa=cidade id=heroi_Tall jog=1 slimes=226 fps=0 ws=1 updMs=40
[ESTADO] Tall x=61927 y=1943 mapa=cidade id=heroi_Tall jog=1 slimes=226 fps=0 ws=1 updMs=39
[ESTADO] Tall x=61927 y=1943 mapa=cidade id=heroi_Tall jog=1 slimes=226 fps=0 ws=1 updMs=24
[ESTADO] Tall x=61927 y=1943 mapa=cidade id=heroi_Tall jog=1 slimes=226 fps=0 ws=1 updMs=5
[ESTADO] Tall x=61927 y=1943 mapa=cidade id=heroi_Tall jog=1 slimes=226 fps=0 ws=1 updMs=23
[ESTADO] Tall x=61927 y=1943 mapa=cidade id=heroi_Tall jog=1 slimes=226 fps=0 ws=1 updMs=5
[ESTADO] Tall x=61927 y=1943 mapa=cidade id=heroi_Tall jog=1 slimes=226 fps=0 ws=1 updMs=40
[ESTADO] Tall x=61927 y=1943 mapa=cidade id=heroi_Tall jog=1 slimes=226 fps=0 ws=1 updMs=39
[ESTADO] Tall x=61927 y=1943 mapa=cidade id=heroi_Tall jog=1 slimes=226 fps=0 ws=1 updMs=33
[ESTADO] Tall x=61927 y=1943 mapa=cidade id=heroi_Tall jog=1 slimes=226 fps=0 ws=1 updMs=41
[ESTADO] Tall x=61927 y=1943 mapa=cidade id=heroi_Tall jog=1 slimes=226 fps=0 ws=1 updMs=57
[ESTADO] Tall x=61927 y=1943 mapa=cidade id=heroi_Tall jog=1 slimes=226 fps=0 ws=1 updMs=2
[ESTADO] Tall x=61927 y=1943 mapa=cidade id=heroi_Tall jog=1 slimes=226 fps=0 ws=1 updMs=7
[ESTADO] Tall x=61927 y=1943 mapa=cidade id=heroi_Tall jog=1 slimes=226 fps=0 ws=1 updMs=55
[ESTADO] Tall x=61927 y=1943 mapa=cidade id=heroi_Tall jog=1 slimes=226 fps=0 ws=1 updMs=6
[ESTADO] Tall x=61927 y=1943 mapa=cidade id=heroi_Tall jog=1 slimes=226 fps=0 ws=1 updMs=37
[ESTADO] Tall x=61927 y=1943 mapa=cidade id=heroi_Tall jog=1 slimes=226 fps=0 ws=1 updMs=54
[ESTADO] Tall x=61927 y=1943 mapa=cidade id=heroi_Tall jog=1 slimes=226 fps=0 ws=1 updMs=8
[ESTADO] Tall x=61927 y=1943 mapa=cidade id=heroi_Tall jog=1 slimes=226 fps=0 ws=1 updMs=41
[ESTADO] Tall x=61927 y=1943 mapa=cidade id=heroi_Tall jog=1 slimes=226 fps=0 ws=1 updMs=21
[ESTADO] Tall x=61927 y=1943 mapa=cidade id=heroi_Tall jog=1 slimes=226 fps=0 ws=1 updMs=39
[ESTADO] Tall x=61927 y=1943 mapa=cidade id=heroi_Tall jog=1 slimes=226 fps=0 ws=1 updMs=24
[ESTADO] Tall x=61927 y=1943 mapa=cidade id=heroi_Tall jog=1 slimes=226 fps=0 ws=1 updMs=24
[ESTADO] Tall x=61927 y=1943 mapa=cidade id=heroi_Tall jog=1 slimes=226 fps=0 ws=1 updMs=5
[ESTADO] Tall x=61927 y=1943 mapa=cidade id=heroi_Tall jog=1 slimes=226 fps=0 ws=1 updMs=41
[ESTADO] Tall x=61927 y=1943 mapa=cidade id=heroi_Tall jog=1 slimes=226 fps=0 ws=1 updMs=23
[ESTADO] Tall x=61927 y=1943 mapa=cidade id=heroi_Tall jog=1 slimes=226 fps=0 ws=1 updMs=24
[ESTADO] Tall x=61927 y=1943 mapa=cidade id=heroi_Tall jog=1 slimes=226 fps=0 ws=1 updMs=24
[ESTADO] Tall x=61927 y=1943 mapa=cidade id=heroi_Tall jog=1 slimes=226 fps=0 ws=1 updMs=24
[ESTADO] Tall x=61927 y=1943 mapa=cidade id=heroi_Tall jog=1 slimes=226 fps=0 ws=1 updMs=24
[ESTADO] Tall x=61927 y=1943 mapa=cidade id=heroi_Tall jog=1 slimes=226 fps=0 ws=1 updMs=24
[CONEXAO] cliente conectado (2026-09-17T05:37:10.642Z)
[LOGIN] Tall pos(61927,1943) classe=roqueiro
[ESTADO] Tall x=61927 y=1943 mapa=cidade id=heroi_Tall jog=1 slimes=226 fps=0 ws=1 updMs=24
[ESTADO] Tall x=61885 y=1943 mapa=cidade id=heroi_Tall jog=1 slimes=226 fps=0 ws=1 updMs=8
[ESTADO] Tall x=61831 y=1795 mapa=cidade id=heroi_Tall jog=1 slimes=226 fps=0 ws=1 updMs=39
[ESTADO] Tall x=5199 y=1399 mapa=green id=heroi_Tall jog=1 slimes=226 fps=0 ws=1 updMs=57
[ESTADO] Tall x=5185 y=1399 mapa=green id=heroi_Tall jog=1 slimes=226 fps=0 ws=1 updMs=9
[ESTADO] Tall x=4919 y=1502 mapa=green id=heroi_Tall jog=1 slimes=226 fps=0 ws=1 updMs=12
[ESTADO] Tall x=4919 y=1502 mapa=green id=heroi_Tall jog=1 slimes=226 fps=0 ws=1 updMs=8
[ESTADO] Tall x=4919 y=1502 mapa=green id=heroi_Tall jog=1 slimes=226 fps=0 ws=1 updMs=27
[ESTADO] Tall x=4919 y=1502 mapa=green id=heroi_Tall jog=1 slimes=226 fps=0 ws=1 updMs=40
[ESTADO] Tall x=4919 y=1502 mapa=green id=heroi_Tall jog=1 slimes=226 fps=0 ws=1 updMs=11
[ESTADO] Tall x=4919 y=1502 mapa=green id=heroi_Tall jog=1 slimes=226 fps=0 ws=1 updMs=11
[ESTADO] Tall x=4919 y=1502 mapa=green id=heroi_Tall jog=1 slimes=226 fps=0 ws=1 updMs=5
[ESTADO] Tall x=4919 y=1502 mapa=green id=heroi_Tall jog=1 slimes=226 fps=0 ws=1 updMs=21
[ESTADO] Tall x=4919 y=1502 mapa=green id=heroi_Tall jog=1 slimes=226 fps=0 ws=1 updMs=11
[ESTADO] Tall x=4919 y=1502 mapa=green id=heroi_Tall jog=1 slimes=226 fps=0 ws=1 updMs=7
[ESTADO] Tall x=4919 y=1502 mapa=green id=heroi_Tall jog=1 slimes=226 fps=0 ws=1 updMs=2
[ESTADO] Tall x=4919 y=1502 mapa=green id=heroi_Tall jog=1 slimes=226 fps=0 ws=1 updMs=28
[CONEXAO] cliente conectado (2026-09-17T05:37:40.935Z)
[LOGIN] Tall pos(61828,1790) classe=roqueiro
[ESTADO] Tall x=61828 y=1790 mapa=cidade id=heroi_Tall jog=1 slimes=226 fps=0 ws=1 updMs=36
[ESTADO] Tall x=61852 y=1790 mapa=cidade id=heroi_Tall jog=1 slimes=226 fps=0 ws=1 updMs=23
[CONEXAO] cliente conectado (2026-09-17T05:37:46.734Z)
[LOGIN] Tall pos(61852,1790) classe=roqueiro
[ESTADO] Tall x=61852 y=1790 mapa=cidade id=heroi_Tall jog=1 slimes=226 fps=0 ws=1 updMs=20
[ESTADO] Tall x=61852 y=1790 mapa=cidade id=heroi_Tall jog=1 slimes=226 fps=0 ws=1 updMs=7
[ESTADO] Tall x=61852 y=1790 mapa=cidade id=heroi_Tall jog=1 slimes=226 fps=0 ws=1 updMs=55
[ESTADO] Tall x=61852 y=1790 mapa=cidade id=heroi_Tall jog=1 slimes=226 fps=0 ws=1 updMs=2
[ESTADO] Tall x=61852 y=1790 mapa=cidade id=heroi_Tall jog=1 slimes=226 fps=0 ws=1 updMs=39
[ESTADO] Tall x=61852 y=1790 mapa=cidade id=heroi_Tall jog=1 slimes=226 fps=0 ws=1 updMs=35
